Archive member included to satisfy reference by file (symbol)

C:/STM32/STM32CubeIDE_1.19.0/STM32CubeIDE/plugins/com.st.stm32cube.ide.mcu.externaltools.gnu-tools-for-stm32.13.3.rel1.win32_1.0.0.202411081344/tools/bin/../lib/gcc/arm-none-eabi/13.3.1/../../../../arm-none-eabi/lib/thumb/v7e-m+fp/hard\libc_nano.a(libc_a-atoi.o)
                              ./Core/Src/sensor.o (atoi)
C:/STM32/STM32CubeIDE_1.19.0/STM32CubeIDE/plugins/com.st.stm32cube.ide.mcu.externaltools.gnu-tools-for-stm32.13.3.rel1.win32_1.0.0.202411081344/tools/bin/../lib/gcc/arm-none-eabi/13.3.1/../../../../arm-none-eabi/lib/thumb/v7e-m+fp/hard\libc_nano.a(libc_a-exit.o)
                              C:/STM32/STM32CubeIDE_1.19.0/STM32CubeIDE/plugins/com.st.stm32cube.ide.mcu.externaltools.gnu-tools-for-stm32.13.3.rel1.win32_1.0.0.202411081344/tools/bin/../lib/gcc/arm-none-eabi/13.3.1/../../../../arm-none-eabi/lib/thumb/v7e-m+fp/hard/crt0.o (exit)
C:/STM32/STM32CubeIDE_1.19.0/STM32CubeIDE/plugins/com.st.stm32cube.ide.mcu.externaltools.gnu-tools-for-stm32.13.3.rel1.win32_1.0.0.202411081344/tools/bin/../lib/gcc/arm-none-eabi/13.3.1/../../../../arm-none-eabi/lib/thumb/v7e-m+fp/hard\libc_nano.a(libc_a-strtol.o)
                              C:/STM32/STM32CubeIDE_1.19.0/STM32CubeIDE/plugins/com.st.stm32cube.ide.mcu.externaltools.gnu-tools-for-stm32.13.3.rel1.win32_1.0.0.202411081344/tools/bin/../lib/gcc/arm-none-eabi/13.3.1/../../../../arm-none-eabi/lib/thumb/v7e-m+fp/hard\libc_nano.a(libc_a-atoi.o) (_strtol_r)
C:/STM32/STM32CubeIDE_1.19.0/STM32CubeIDE/plugins/com.st.stm32cube.ide.mcu.externaltools.gnu-tools-for-stm32.13.3.rel1.win32_1.0.0.202411081344/tools/bin/../lib/gcc/arm-none-eabi/13.3.1/../../../../arm-none-eabi/lib/thumb/v7e-m+fp/hard\libc_nano.a(libc_a-ctype_.o)
                              C:/STM32/STM32CubeIDE_1.19.0/STM32CubeIDE/plugins/com.st.stm32cube.ide.mcu.externaltools.gnu-tools-for-stm32.13.3.rel1.win32_1.0.0.202411081344/tools/bin/../lib/gcc/arm-none-eabi/13.3.1/../../../../arm-none-eabi/lib/thumb/v7e-m+fp/hard\libc_nano.a(libc_a-strtol.o) (_ctype_)
C:/STM32/STM32CubeIDE_1.19.0/STM32CubeIDE/plugins/com.st.stm32cube.ide.mcu.externaltools.gnu-tools-for-stm32.13.3.rel1.win32_1.0.0.202411081344/tools/bin/../lib/gcc/arm-none-eabi/13.3.1/../../../../arm-none-eabi/lib/thumb/v7e-m+fp/hard\libc_nano.a(libc_a-findfp.o)
                              C:/STM32/STM32CubeIDE_1.19.0/STM32CubeIDE/plugins/com.st.stm32cube.ide.mcu.externaltools.gnu-tools-for-stm32.13.3.rel1.win32_1.0.0.202411081344/tools/bin/../lib/gcc/arm-none-eabi/13.3.1/../../../../arm-none-eabi/lib/thumb/v7e-m+fp/hard\libc_nano.a(libc_a-exit.o) (__stdio_exit_handler)
C:/STM32/STM32CubeIDE_1.19.0/STM32CubeIDE/plugins/com.st.stm32cube.ide.mcu.externaltools.gnu-tools-for-stm32.13.3.rel1.win32_1.0.0.202411081344/tools/bin/../lib/gcc/arm-none-eabi/13.3.1/../../../../arm-none-eabi/lib/thumb/v7e-m+fp/hard\libc_nano.a(libc_a-fwalk.o)
                              C:/STM32/STM32CubeIDE_1.19.0/STM32CubeIDE/plugins/com.st.stm32cube.ide.mcu.externaltools.gnu-tools-for-stm32.13.3.rel1.win32_1.0.0.202411081344/tools/bin/../lib/gcc/arm-none-eabi/13.3.1/../../../../arm-none-eabi/lib/thumb/v7e-m+fp/hard\libc_nano.a(libc_a-findfp.o) (_fwalk_sglue)
C:/STM32/STM32CubeIDE_1.19.0/STM32CubeIDE/plugins/com.st.stm32cube.ide.mcu.externaltools.gnu-tools-for-stm32.13.3.rel1.win32_1.0.0.202411081344/tools/bin/../lib/gcc/arm-none-eabi/13.3.1/../../../../arm-none-eabi/lib/thumb/v7e-m+fp/hard\libc_nano.a(libc_a-snprintf.o)
                              ./Core/Src/gsm.o (snprintf)
C:/STM32/STM32CubeIDE_1.19.0/STM32CubeIDE/plugins/com.st.stm32cube.ide.mcu.externaltools.gnu-tools-for-stm32.13.3.rel1.win32_1.0.0.202411081344/tools/bin/../lib/gcc/arm-none-eabi/13.3.1/../../../../arm-none-eabi/lib/thumb/v7e-m+fp/hard\libc_nano.a(libc_a-stdio.o)
                              C:/STM32/STM32CubeIDE_1.19.0/STM32CubeIDE/plugins/com.st.stm32cube.ide.mcu.externaltools.gnu-tools-for-stm32.13.3.rel1.win32_1.0.0.202411081344/tools/bin/../lib/gcc/arm-none-eabi/13.3.1/../../../../arm-none-eabi/lib/thumb/v7e-m+fp/hard\libc_nano.a(libc_a-findfp.o) (__sread)
C:/STM32/STM32CubeIDE_1.19.0/STM32CubeIDE/plugins/com.st.stm32cube.ide.mcu.externaltools.gnu-tools-for-stm32.13.3.rel1.win32_1.0.0.202411081344/tools/bin/../lib/gcc/arm-none-eabi/13.3.1/../../../../arm-none-eabi/lib/thumb/v7e-m+fp/hard\libc_nano.a(libc_a-memset.o)
                              C:/STM32/STM32CubeIDE_1.19.0/STM32CubeIDE/plugins/com.st.stm32cube.ide.mcu.externaltools.gnu-tools-for-stm32.13.3.rel1.win32_1.0.0.202411081344/tools/bin/../lib/gcc/arm-none-eabi/13.3.1/../../../../arm-none-eabi/lib/thumb/v7e-m+fp/hard/crt0.o (memset)
C:/STM32/STM32CubeIDE_1.19.0/STM32CubeIDE/plugins/com.st.stm32cube.ide.mcu.externaltools.gnu-tools-for-stm32.13.3.rel1.win32_1.0.0.202411081344/tools/bin/../lib/gcc/arm-none-eabi/13.3.1/../../../../arm-none-eabi/lib/thumb/v7e-m+fp/hard\libc_nano.a(libc_a-strncmp.o)
                              ./Core/Src/gsm.o (strncmp)
[...]
Memory Configuration

Name             Origin             Length             Attributes
RAM              0x20000000         0x00020000         xrw
FLASH            0x08000000         0x00080000         xr
*default*        0x00000000         0xffffffff

Linker script and memory map

LOAD C:/STM32/STM32CubeIDE_1.19.0/STM32CubeIDE/plugins/com.st.stm32cube.ide.mcu.externaltools.gnu-tools-for-stm32.13.3.rel1.win32_1.0.0.202411081344/tools/bin/../lib/gcc/arm-none-eabi/13.3.1/thumb/v7e-m+fp/hard/crti.o
LOAD C:/STM32/STM32CubeIDE_1.19.0/STM32CubeIDE/plugins/com.st.stm32cube.ide.mcu.externaltools.gnu-tools-for-stm32.13.3.rel1.win32_1.0.0.202411081344/tools/bin/../lib/gcc/arm-none-eabi/13.3.1/thumb/v7e-m+fp/hard/crtbegin.o
LOAD C:/STM32/STM32CubeIDE_1.19.0/STM32CubeIDE/plugins/com.st.stm32cube.ide.mcu.externaltools.gnu-tools-for-stm32.13.3.rel1.win32_1.0.0.202411081344/tools/bin/../lib/gcc/arm-none-eabi/13.3.1/../../../../arm-none-eabi/lib/thumb/v7e-m+fp/hard/crt0.o
LOAD ./Core/Src/buzzer.o
LOAD ./Core/Src/gsm.o
LOAD ./Core/Src/i2c.o
LOAD ./Core/Src/main.o
LOAD ./Core/Src/modbus.o
LOAD ./Core/Src/pir.o
LOAD ./Core/Src/sensor.o
LOAD ./Core/Src/stm32f4xx_hal_msp.o
LOAD ./Core/Src/stm32f4xx_it.o
LOAD ./Core/Src/syscalls.o
LOAD ./Core/Src/sysmem.o
LOAD ./Core/Src/system_stm32f4xx.o
LOAD ./Core/Startup/startup_stm32f446zetx.o
LOAD ./Drivers/STM32F4xx_HAL_Driver/Src/stm32f4xx_hal.o
LOAD ./Drivers/STM32F4xx_HAL_Driver/Src/stm32f4xx_hal_cortex.o
LOAD ./Drivers/STM32F4xx_HAL_Driver/Src/stm32f4xx_hal_dma.o
LOAD ./Drivers/STM32F4xx_HAL_Driver/Src/stm32f4xx_hal_dma_ex.o
LOAD ./Drivers/STM32F4xx_HAL_Driver/Src/stm32f4xx_hal_exti.o
LOAD ./Drivers/STM32F4xx_HAL_Driver/Src/stm32f4xx_hal_flash.o
LOAD ./Drivers/STM32F4xx_HAL_Driver/Src/stm32f4xx_hal_flash_ex.o
LOAD ./Drivers/STM32F4xx_HAL_Driver/Src/stm32f4xx_hal_flash_ramfunc.o
LOAD ./Drivers/STM32F4xx_HAL_Driver/Src/stm32f4xx_hal_gpio.o
LOAD ./Drivers/STM32F4xx_HAL_Driver/Src/stm32f4xx_hal_i2c.o
LOAD ./Drivers/STM32F4xx_HAL_Driver/Src/stm32f4xx_hal_i2c_ex.o
LOAD ./Drivers/STM32F4xx_HAL_Driver/Src/stm32f4xx_hal_pwr.o
LOAD ./Drivers/STM32F4xx_HAL_Driver/Src/stm32f4xx_hal_pwr_ex.o
LOAD ./Drivers/STM32F4xx_HAL_Driver/Src/stm32f4xx_hal_rcc.o
LOAD ./Drivers/STM32F4xx_HAL_Driver/Src/stm32f4xx_hal_rcc_ex.o
LOAD ./Drivers/STM32F4xx_HAL_Driver/Src/stm32f4xx_hal_tim.o
LOAD ./Drivers/STM32F4xx_HAL_Driver/Src/stm32f4xx_hal_tim_ex.o
LOAD ./Drivers/STM32F4xx_HAL_Driver/Src/stm32f4xx_hal_uart.o
START GROUP
LOAD C:/STM32/STM32CubeIDE_1.19.0/STM32CubeIDE/plugins/com.st.stm32cube.ide.mcu.externaltools.gnu-tools-for-stm32.13.3.rel1.win32_1.0.0.202411081344/tools/bin/../lib/gcc/arm-none-eabi/13.3.1/../../../../arm-none-eabi/lib/thumb/v7e-m+fp/hard\libc_nano.a
LOAD C:/STM32/STM32CubeIDE_1.19.0/STM32CubeIDE/plugins/com.st.stm32cube.ide.mcu.externaltools.gnu-tools-for-stm32.13.3.rel1.win32_1.0.0.202411081344/tools/bin/../lib/gcc/arm-none-eabi/13.3.1/../../../../arm-none-eabi/lib/thumb/v7e-m+fp/hard\libm.a
END GROUP
START GROUP
LOAD C:/STM32/STM32CubeIDE_1.19.0/STM32CubeIDE/plugins/com.st.stm32cube.ide.mcu.externaltools.gnu-tools-for-stm32.13.3.rel1.win32_1.0.0.202411081344/tools/bin/../lib/gcc/arm-none-eabi/13.3.1/thumb/v7e-m+fp/hard\libgcc.a
LOAD C:/STM32/STM32CubeIDE_1.19.0/STM32CubeIDE/plugins/com.st.stm32cube.ide.mcu.externaltools.gnu-tools-for-stm32.13.3.rel1.win32_1.0.0.202411081344/tools/bin/../lib/gcc/arm-none-eabi/13.3.1/../../../../arm-none-eabi/lib/thumb/v7e-m+fp/hard\libc_nano.a
END GROUP
START GROUP
LOAD C:/STM32/STM32CubeIDE_1.19.0/STM32CubeIDE/plugins/com.st.stm32cube.ide.mcu.externaltools.gnu-tools-for-stm32.13.3.rel1.win32_1.0.0.202411081344/tools/bin/../lib/gcc/arm-none-eabi/13.3.1/thumb/v7e-m+fp/hard\libgcc.a
LOAD C:/STM32/STM32CubeIDE_1.19.0/STM32CubeIDE/plugins/com.st.stm32cube.ide.mcu.externaltools.gnu-tools-for-stm32.13.3.rel1.win32_1.0.0.202411081344/tools/bin/../lib/gcc/arm-none-eabi/13.3.1/../../../../arm-none-eabi/lib/thumb/v7e-m+fp/hard\libc_nano.a
LOAD C:/STM32/STM32CubeIDE_1.19.0/STM32CubeIDE/plugins/com.st.stm32cube.ide.mcu.externaltools.gnu-tools-for-stm32.13.3.rel1.win32_1.0.0.202411081344/tools/bin/../lib/gcc/arm-none-eabi/13.3.1/../../../../arm-none-eabi/lib/thumb/v7e-m+fp/hard\libnosys.a
END GROUP
START GROUP
LOAD C:/STM32/STM32CubeIDE_1.19.0/STM32CubeIDE/plugins/com.st.stm32cube.ide.mcu.externaltools.gnu-tools-for-stm32.13.3.rel1.win32_1.0.0.202411081344/tools/bin/../lib/gcc/arm-none-eabi/13.3.1/thumb/v7e-m+fp/hard\libgcc.a
LOAD C:/STM32/STM32CubeIDE_1.19.0/STM32CubeIDE/plugins/com.st.stm32cube.ide.mcu.externaltools.gnu-tools-for-stm32.13.3.rel1.win32_1.0.0.202411081344/tools/bin/../lib/gcc/arm-none-eabi/13.3.1/../../../../arm-none-eabi/lib/thumb/v7e-m+fp/hard\libc_nano.a
LOAD C:/STM32/STM32CubeIDE_1.19.0/STM32CubeIDE/plugins/com.st.stm32cube.ide.mcu.externaltools.gnu-tools-for-stm32.13.3.rel1.win32_1.0.0.202411081344/tools/bin/../lib/gcc/arm-none-eabi/13.3.1/../../../../arm-none-eabi/lib/thumb/v7e-m+fp/hard\libnosys.a
END GROUP
LOAD C:/STM32/STM32CubeIDE_1.19.0/STM32CubeIDE/plugins/com.st.stm32cube.ide.mcu.externaltools.gnu-tools-for-stm32.13.3.rel1.win32_1.0.0.202411081344/tools/bin/../lib/gcc/arm-none-eabi/13.3.1/thumb/v7e-m+fp/hard/crtend.o
LOAD C:/STM32/STM32CubeIDE_1.19.0/STM32CubeIDE/plugins/com.st.stm32cube.ide.mcu.externaltools.gnu-tools-for-stm32.13.3.rel1.win32_1.0.0.202411081344/tools/bin/../lib/gcc/arm-none-eabi/13.3.1/thumb/v7e-m+fp/hard/crtn.o
                0x20020000                        _estack = (ORIGIN (RAM) + LENGTH (RAM))
                0x00000200                        _Min_Heap_Size = 0x200
                0x00000400                        _Min_Stack_Size = 0x400

.isr_vector     0x08000000      0x1c4
                0x08000000                        . = ALIGN (0x4)
 *(.isr_vector)
 .isr_vector    0x08000000      0x1c4 ./Core/Startup/startup_stm32f446zetx.o
                0x08000000                g_pfnVectors
                0x080001c4                        . = ALIGN (0x4)

.text           0x080001d0     0x6600
                0x080001d0                        . = ALIGN (0x4)
 *(.text)
 .text          0x080001d0       0x40 C:/STM32/STM32CubeIDE_1.19.0/STM32CubeIDE/plugins/com.st.stm32cube.ide.mcu.externaltools.gnu-tools-for-stm32.13.3.rel1.win32_1.0.0.202411081344/tools/bin/../lib/gcc/arm-none-eabi/13.3.1/thumb/v7e-m+fp/hard/crtbegin.o
 .text          0x08000210       0x10 C:/STM32/STM32CubeIDE_1.19.0/STM32CubeIDE/plugins/com.st.stm32cube.ide.mcu.externaltools.gnu-tools-for-stm32.13.3.rel1.win32_1.0.0.202411081344/tools/bin/../lib/gcc/arm-none-eabi/13.3.1/../../../../arm-none-eabi/lib/thumb/v7e-m+fp/hard\libc_nano.a(libc_a-strlen.o)
                0x08000210                strlen
 .text          0x08000220       0xa0 C:/STM32/STM32CubeIDE_1.19.0/STM32CubeIDE/plugins/com.st.stm32cube.ide.mcu.externaltools.gnu-tools-for-stm32.13.3.rel1.win32_1.0.0.202411081344/tools/bin/../lib/gcc/arm-none-eabi/13.3.1/../../../../arm-none-eabi/lib/thumb/v7e-m+fp/hard\libc_nano.a(libc_a-memchr.o)
                0x08000220                memchr
 .text          0x080002c0       0x30 C:/STM32/STM32CubeIDE_1.19.0/STM32CubeIDE/plugins/com.st.stm32cube.ide.mcu.externaltools.gnu-tools-for-stm32.13.3.rel1.win32_1.0.0.202411081344/tools/bin/../lib/gcc/arm-none-eabi/13.3.1/thumb/v7e-m+fp/hard\libgcc.a(_aeabi_uldivmod.o)
                0x080002c0                __aeabi_uldivmod
 .text          0x080002f0      0x2f8 C:/STM32/STM32CubeIDE_1.19.0/STM32CubeIDE/plugins/com.st.stm32cube.ide.mcu.externaltools.gnu-tools-for-stm32.13.3.rel1.win32_1.0.0.202411081344/tools/bin/../lib/gcc/arm-none-eabi/13.3.1/thumb/v7e-m+fp/hard\libgcc.a(_udivmoddi4.o)
                0x080002f0                __udivmoddi4
 .text          0x080005e8        0x4 C:/STM32/STM32CubeIDE_1.19.0/STM32CubeIDE/plugins/com.st.stm32cube.ide.mcu.externaltools.gnu-tools-for-stm32.13.3.rel1.win32_1.0.0.202411081344/tools/bin/../lib/gcc/arm-none-eabi/13.3.1/thumb/v7e-m+fp/hard\libgcc.a(_dvmd_tls.o)
                0x080005e8                __aeabi_idiv0
                0x080005e8                __aeabi_ldiv0
 *(.text*)
 .text.buzzer_on
                0x080005ec       0x18 ./Core/Src/buzzer.o
                0x080005ec                buzzer_on
 .text.buzzer_off
                0x08000604       0x18 ./Core/Src/buzzer.o
                0x08000604                buzzer_off
 .text.gsm_start_rx
                0x0800061c       0x3c ./Core/Src/gsm.o
                0x0800061c                gsm_start_rx
 .text.send_at_cmd
                0x08000658       0x88 ./Core/Src/gsm.o
                0x08000658                send_at_cmd
 .text.gsm_init
                0x080006e0       0xf4 ./Core/Src/gsm.o
                0x080006e0                gsm_init
 .text.gsm_wake
                0x080007d4       0x7c ./Core/Src/gsm.o
                0x080007d4                gsm_wake
 .text.gsm_call
                0x08000850       0x8c ./Core/Src/gsm.o
                0x08000850                gsm_call
 .text.gsm_sms  0x080008dc      0x190 ./Core/Src/gsm.o
                0x080008dc                gsm_sms
 .text.call_sms_function
                0x08000a6c       0xdc ./Core/Src/gsm.o
                0x08000a6c                call_sms_function
 .text.gsm_reset
                0x08000b48       0x40 ./Core/Src/gsm.o
                0x08000b48                gsm_reset
 .text.HAL_TIM_PeriodElapsedCallback
                0x08000b88       0x30 ./Core/Src/main.o
                0x08000b88                HAL_TIM_PeriodElapsedCallback
 .text.HAL_UART_RxCpltCallback
                0x08000bb8       0xac ./Core/Src/main.o
                0x08000bb8                HAL_UART_RxCpltCallback
 .text.main     0x08000c64      0x1b0 ./Core/Src/main.o
                0x08000c64                main
 .text.SystemClock_Config
                0x08000e14       0xd8 ./Core/Src/main.o
                0x08000e14                SystemClock_Config
 .text.MX_I2C1_Init
                0x08000eec       0x5c ./Core/Src/main.o
 .text.MX_TIM6_Init
                0x08000f48       0x6c ./Core/Src/main.o
 .text.MX_UART4_Init
                0x08000fb4       0x54 ./Core/Src/main.o
 .text.MX_UART5_Init
                0x08001008       0x54 ./Core/Src/main.o
 .text.MX_USART2_UART_Init
                0x0800105c       0x54 ./Core/Src/main.o
 .text.MX_GPIO_Init
                0x080010b0      0x280 ./Core/Src/main.o
 .text.Error_Handler
                0x08001330        0xc ./Core/Src/main.o
                0x08001330                Error_Handler
 .text.Modbus_CRC16
                0x0800133c       0x78 ./Core/Src/modbus.o
                0x0800133c                Modbus_CRC16
 .text.Process_Modbus_Frame
                0x080013b4      0x378 ./Core/Src/modbus.o
                0x080013b4                Process_Modbus_Frame
 .text.HAL_GPIO_EXTI_Callback
                0x0800172c       0x64 ./Core/Src/pir.o
                0x0800172c                HAL_GPIO_EXTI_Callback
 .text.get_object_distance
                0x08001790      0x110 ./Core/Src/sensor.o
                0x08001790                get_object_distance
 .text.get_sensor_state
                0x080018a0       0x74 ./Core/Src/sensor.o
                0x080018a0                get_sensor_state
 .text.HAL_MspInit
                0x08001914       0x50 ./Core/Src/stm32f4xx_hal_msp.o
                0x08001914                HAL_MspInit
 .text.HAL_I2C_MspInit
                0x08001964       0x90 ./Core/Src/stm32f4xx_hal_msp.o
                0x08001964                HAL_I2C_MspInit
 .text.HAL_TIM_Base_MspInit
                0x080019f4       0x50 ./Core/Src/stm32f4xx_hal_msp.o
                0x080019f4                HAL_TIM_Base_MspInit
 .text.HAL_UART_MspInit
                0x08001a44      0x1c4 ./Core/Src/stm32f4xx_hal_msp.o
                0x08001a44                HAL_UART_MspInit
 .text.NMI_Handler
                0x08001c08        0x8 ./Core/Src/stm32f4xx_it.o
                0x08001c08                NMI_Handler
 .text.HardFault_Handler
                0x08001c10        0x8 ./Core/Src/stm32f4xx_it.o
                0x08001c10                HardFault_Handler
 .text.MemManage_Handler
                0x08001c18        0x8 ./Core/Src/stm32f4xx_it.o
                0x08001c18                MemManage_Handler
 .text.BusFault_Handler
                0x08001c20        0x8 ./Core/Src/stm32f4xx_it.o
                0x08001c20                BusFault_Handler
 .text.UsageFault_Handler
                0x08001c28        0x8 ./Core/Src/stm32f4xx_it.o
                0x08001c28                UsageFault_Handler
 .text.SVC_Handler
                0x08001c30        0xe ./Core/Src/stm32f4xx_it.o
                0x08001c30                SVC_Handler
 .text.DebugMon_Handler
                0x08001c3e        0xe ./Core/Src/stm32f4xx_it.o
                0x08001c3e                DebugMon_Handler
 .text.PendSV_Handler
                0x08001c4c        0xe ./Core/Src/stm32f4xx_it.o
                0x08001c4c                PendSV_Handler
 .text.SysTick_Handler
                0x08001c5a        0xc ./Core/Src/stm32f4xx_it.o
                0x08001c5a                SysTick_Handler
 .text.EXTI2_IRQHandler
                0x08001c66        0xe ./Core/Src/stm32f4xx_it.o
                0x08001c66                EXTI2_IRQHandler
 .text.EXTI9_5_IRQHandler
                0x08001c74        0xe ./Core/Src/stm32f4xx_it.o
                0x08001c74                EXTI9_5_IRQHandler
 *fill*         0x08001c82        0x2 
 .text.USART2_IRQHandler
                0x08001c84       0x14 ./Core/Src/stm32f4xx_it.o
                0x08001c84                USART2_IRQHandler
 .text.UART4_IRQHandler
                0x08001c98       0x14 ./Core/Src/stm32f4xx_it.o
                0x08001c98                UART4_IRQHandler
 .text.TIM6_DAC_IRQHandler
                0x08001cac       0x14 ./Core/Src/stm32f4xx_it.o
                0x08001cac                TIM6_DAC_IRQHandler
 .text._sbrk    0x08001cc0       0x6c ./Core/Src/sysmem.o
                0x08001cc0                _sbrk
 .text.SystemInit
                0x08001d2c       0x24 ./Core/Src/system_stm32f4xx.o
                0x08001d2c                SystemInit
 .text.Reset_Handler
                0x08001d50       0x50 ./Core/Startup/startup_stm32f446zetx.o
                0x08001d50                Reset_Handler
 .text.Default_Handler
                0x08001da0        0x2 ./Core/Startup/startup_stm32f446zetx.o
                0x08001da0                RTC_Alarm_IRQHandler
                0x08001da0                TIM8_CC_IRQHandler
                0x08001da0                FMPI2C1_EV_IRQHandler
                0x08001da0                SPI4_IRQHandler
                0x08001da0                TIM1_CC_IRQHandler
                0x08001da0                DMA2_Stream5_IRQHandler
                0x08001da0                DMA1_Stream5_IRQHandler
                0x08001da0                PVD_IRQHandler
                0x08001da0                SDIO_IRQHandler
                0x08001da0                TAMP_STAMP_IRQHandler
                0x08001da0                CAN2_RX1_IRQHandler
                0x08001da0                EXTI3_IRQHandler
                0x08001da0                TIM8_TRG_COM_TIM14_IRQHandler
                0x08001da0                TIM1_UP_TIM10_IRQHandler
                0x08001da0                TIM8_UP_TIM13_IRQHandler
                0x08001da0                I2C3_ER_IRQHandler
                0x08001da0                EXTI0_IRQHandler
                0x08001da0                I2C2_EV_IRQHandler
                0x08001da0                DMA1_Stream2_IRQHandler
                0x08001da0                CAN1_RX0_IRQHandler
                0x08001da0                FPU_IRQHandler
                0x08001da0                OTG_HS_WKUP_IRQHandler
                0x08001da0                CAN2_SCE_IRQHandler
                0x08001da0                DMA2_Stream2_IRQHandler
                0x08001da0                SPI1_IRQHandler
                0x08001da0                TIM1_BRK_TIM9_IRQHandler
                0x08001da0                DCMI_IRQHandler
                0x08001da0                CAN2_RX0_IRQHandler
                0x08001da0                DMA2_Stream3_IRQHandler
                0x08001da0                SAI2_IRQHandler
                0x08001da0                USART6_IRQHandler
                0x08001da0                USART3_IRQHandler
                0x08001da0                CAN1_RX1_IRQHandler
                0x08001da0                UART5_IRQHandler
                0x08001da0                DMA2_Stream0_IRQHandler
                0x08001da0                TIM4_IRQHandler
                0x08001da0                QUADSPI_IRQHandler
                0x08001da0                I2C1_EV_IRQHandler
                0x08001da0                DMA1_Stream6_IRQHandler
                0x08001da0                DMA1_Stream1_IRQHandler
                0x08001da0                TIM3_IRQHandler
                0x08001da0                RCC_IRQHandler
                0x08001da0                TIM8_BRK_TIM12_IRQHandler
                0x08001da0                Default_Handler
                0x08001da0                CEC_IRQHandler
                0x08001da0                EXTI15_10_IRQHandler
                0x08001da0                ADC_IRQHandler
                0x08001da0                DMA1_Stream7_IRQHandler
                0x08001da0                TIM7_IRQHandler
                0x08001da0                CAN2_TX_IRQHandler
                0x08001da0                TIM5_IRQHandler
                0x08001da0                DMA2_Stream7_IRQHandler
                0x08001da0                I2C3_EV_IRQHandler
                0x08001da0                RTC_WKUP_IRQHandler
                0x08001da0                SPDIF_RX_IRQHandler
                0x08001da0                SPI2_IRQHandler
                0x08001da0                OTG_HS_EP1_IN_IRQHandler
                0x08001da0                DMA1_Stream0_IRQHandler
                0x08001da0                CAN1_TX_IRQHandler
                0x08001da0                FMPI2C1_ER_IRQHandler
                0x08001da0                EXTI4_IRQHandler
                0x08001da0                OTG_HS_EP1_OUT_IRQHandler
                0x08001da0                WWDG_IRQHandler
                0x08001da0                TIM2_IRQHandler
                0x08001da0                OTG_FS_WKUP_IRQHandler
                0x08001da0                TIM1_TRG_COM_TIM11_IRQHandler
                0x08001da0                OTG_HS_IRQHandler
                0x08001da0                EXTI1_IRQHandler
                0x08001da0                I2C2_ER_IRQHandler
                0x08001da0                DMA2_Stream1_IRQHandler
                0x08001da0                CAN1_SCE_IRQHandler
                0x08001da0                FLASH_IRQHandler
                0x08001da0                DMA2_Stream4_IRQHandler
                0x08001da0                USART1_IRQHandler
                0x08001da0                OTG_FS_IRQHandler
                0x08001da0                SPI3_IRQHandler
                0x08001da0                DMA1_Stream4_IRQHandler
                0x08001da0                I2C1_ER_IRQHandler
                0x08001da0                FMC_IRQHandler
                0x08001da0                DMA2_Stream6_IRQHandler
                0x08001da0                SAI1_IRQHandler
                0x08001da0                DMA1_Stream3_IRQHandler
 *fill*         0x08001da2        0x2 
 .text.HAL_Init
                0x08001da4       0x44 ./Drivers/STM32F4xx_HAL_Driver/Src/stm32f4xx_hal.o
                0x08001da4                HAL_Init
 .text.HAL_InitTick
                0x08001de8       0x60 ./Drivers/STM32F4xx_HAL_Driver/Src/stm32f4xx_hal.o
                0x08001de8                HAL_InitTick
 .text.HAL_IncTick
                0x08001e48       0x28 ./Drivers/STM32F4xx_HAL_Driver/Src/stm32f4xx_hal.o
                0x08001e48                HAL_IncTick
 .text.HAL_GetTick
                0x08001e70       0x18 ./Drivers/STM32F4xx_HAL_Driver/Src/stm32f4xx_hal.o
                0x08001e70                HAL_GetTick
 .text.HAL_Delay
                0x08001e88       0x48 ./Drivers/STM32F4xx_HAL_Driver/Src/stm32f4xx_hal.o
                0x08001e88                HAL_Delay
 .text.__NVIC_SetPriorityGrouping
                0x08001ed0       0x48 ./Drivers/STM32F4xx_HAL_Driver/Src/stm32f4xx_hal_cortex.o
 .text.__NVIC_GetPriorityGrouping
                0x08001f18       0x1c ./Drivers/STM32F4xx_HAL_Driver/Src/stm32f4xx_hal_cortex.o
 .text.__NVIC_EnableIRQ
                0x08001f34       0x3c ./Drivers/STM32F4xx_HAL_Driver/Src/stm32f4xx_hal_cortex.o
 .text.__NVIC_SetPriority
                0x08001f70       0x54 ./Drivers/STM32F4xx_HAL_Driver/Src/stm32f4xx_hal_cortex.o
 .text.NVIC_EncodePriority
                0x08001fc4       0x66 ./Drivers/STM32F4xx_HAL_Driver/Src/stm32f4xx_hal_cortex.o
 *fill*         0x0800202a        0x2 
 .text.SysTick_Config
                0x0800202c       0x44 ./Drivers/STM32F4xx_HAL_Driver/Src/stm32f4xx_hal_cortex.o
 .text.HAL_NVIC_SetPriorityGrouping
                0x08002070       0x16 ./Drivers/STM32F4xx_HAL_Driver/Src/stm32f4xx_hal_cortex.o
                0x08002070                HAL_NVIC_SetPriorityGrouping
 .text.HAL_NVIC_SetPriority
                0x08002086       0x38 ./Drivers/STM32F4xx_HAL_Driver/Src/stm32f4xx_hal_cortex.o
                0x08002086                HAL_NVIC_SetPriority
 .text.HAL_NVIC_EnableIRQ
                0x080020be       0x1c ./Drivers/STM32F4xx_HAL_Driver/Src/stm32f4xx_hal_cortex.o
                0x080020be                HAL_NVIC_EnableIRQ
 .text.HAL_SYSTICK_Config
                0x080020da       0x18 ./Drivers/STM32F4xx_HAL_Driver/Src/stm32f4xx_hal_cortex.o
                0x080020da                HAL_SYSTICK_Config
 .text.HAL_DMA_Abort
                0x080020f2       0xe0 ./Drivers/STM32F4xx_HAL_Driver/Src/stm32f4xx_hal_dma.o
                0x080020f2                HAL_DMA_Abort
 .text.HAL_DMA_Abort_IT
                0x080021d2       0x44 ./Drivers/STM32F4xx_HAL_Driver/Src/stm32f4xx_hal_dma.o
                0x080021d2                HAL_DMA_Abort_IT
 *fill*         0x08002216        0x2 
 .text.HAL_GPIO_Init
                0x08002218      0x328 ./Drivers/STM32F4xx_HAL_Driver/Src/stm32f4xx_hal_gpio.o
                0x08002218                HAL_GPIO_Init
 .text.HAL_GPIO_WritePin
                0x08002540       0x32 ./Drivers/STM32F4xx_HAL_Driver/Src/stm32f4xx_hal_gpio.o
                0x08002540                HAL_GPIO_WritePin
 .text.HAL_GPIO_TogglePin
                0x08002572       0x34 ./Drivers/STM32F4xx_HAL_Driver/Src/stm32f4xx_hal_gpio.o
                0x08002572                HAL_GPIO_TogglePin
 *fill*         0x080025a6        0x2 
 .text.HAL_GPIO_EXTI_IRQHandler
                0x080025a8       0x30 ./Drivers/STM32F4xx_HAL_Driver/Src/stm32f4xx_hal_gpio.o
                0x080025a8                HAL_GPIO_EXTI_IRQHandler
 .text.HAL_I2C_Init
                0x080025d8      0x288 ./Drivers/STM32F4xx_HAL_Driver/Src/stm32f4xx_hal_i2c.o
                0x080025d8                HAL_I2C_Init
 .text.HAL_I2C_Master_Transmit
                0x08002860      0x1fc ./Drivers/STM32F4xx_HAL_Driver/Src/stm32f4xx_hal_i2c.o
                0x08002860                HAL_I2C_Master_Transmit
 .text.HAL_I2C_Master_Receive
                0x08002a5c      0x464 ./Drivers/STM32F4xx_HAL_Driver/Src/stm32f4xx_hal_i2c.o
                0x08002a5c                HAL_I2C_Master_Receive
 .text.HAL_I2C_IsDeviceReady
                0x08002ec0      0x25c ./Drivers/STM32F4xx_HAL_Driver/Src/stm32f4xx_hal_i2c.o
                0x08002ec0                HAL_I2C_IsDeviceReady
 .text.I2C_MasterRequestWrite
                0x0800311c      0x104 ./Drivers/STM32F4xx_HAL_Driver/Src/stm32f4xx_hal_i2c.o
 .text.I2C_MasterRequestRead
                0x08003220      0x19c ./Drivers/STM32F4xx_HAL_Driver/Src/stm32f4xx_hal_i2c.o
 .text.I2C_WaitOnFlagUntilTimeout
                0x080033bc       0xf4 ./Drivers/STM32F4xx_HAL_Driver/Src/stm32f4xx_hal_i2c.o
 .text.I2C_WaitOnMasterAddressFlagUntilTimeout
                0x080034b0      0x140 ./Drivers/STM32F4xx_HAL_Driver/Src/stm32f4xx_hal_i2c.o
 .text.I2C_WaitOnTXEFlagUntilTimeout
                0x080035f0       0x90 ./Drivers/STM32F4xx_HAL_Driver/Src/stm32f4xx_hal_i2c.o
 .text.I2C_WaitOnBTFFlagUntilTimeout
                0x08003680       0x90 ./Drivers/STM32F4xx_HAL_Driver/Src/stm32f4xx_hal_i2c.o
 .text.I2C_WaitOnRXNEFlagUntilTimeout
                0x08003710       0xba ./Drivers/STM32F4xx_HAL_Driver/Src/stm32f4xx_hal_i2c.o
 .text.I2C_IsAcknowledgeFailed
                0x080037ca       0x5e ./Drivers/STM32F4xx_HAL_Driver/Src/stm32f4xx_hal_i2c.o
 .text.HAL_RCC_ClockConfig
                0x08003828      0x1cc ./Drivers/STM32F4xx_HAL_Driver/Src/stm32f4xx_hal_rcc.o
                0x08003828                HAL_RCC_ClockConfig
 .text.HAL_RCC_GetHCLKFreq
                0x080039f4       0x18 ./Drivers/STM32F4xx_HAL_Driver/Src/stm32f4xx_hal_rcc.o
                0x080039f4                HAL_RCC_GetHCLKFreq
 .text.HAL_RCC_GetPCLK1Freq
                0x08003a0c       0x28 ./Drivers/STM32F4xx_HAL_Driver/Src/stm32f4xx_hal_rcc.o
                0x08003a0c                HAL_RCC_GetPCLK1Freq
 .text.HAL_RCC_GetPCLK2Freq
                0x08003a34       0x28 ./Drivers/STM32F4xx_HAL_Driver/Src/stm32f4xx_hal_rcc.o
                0x08003a34                HAL_RCC_GetPCLK2Freq
 .text.HAL_RCC_GetSysClockFreq
                0x08003a5c      0x460 ./Drivers/STM32F4xx_HAL_Driver/Src/stm32f4xx_hal_rcc_ex.o
                0x08003a5c                HAL_RCC_GetSysClockFreq
 .text.HAL_RCC_OscConfig
                0x08003ebc      0x53c ./Drivers/STM32F4xx_HAL_Driver/Src/stm32f4xx_hal_rcc_ex.o
                0x08003ebc                HAL_RCC_OscConfig
 .text.HAL_TIM_Base_Init
                0x080043f8       0x9e ./Drivers/STM32F4xx_HAL_Driver/Src/stm32f4xx_hal_tim.o
                0x080043f8                HAL_TIM_Base_Init
 *fill*         0x08004496        0x2 
 .text.HAL_TIM_Base_Start_IT
                0x08004498       0xe0 ./Drivers/STM32F4xx_HAL_Driver/Src/stm32f4xx_hal_tim.o
                0x08004498                HAL_TIM_Base_Start_IT
 .text.HAL_TIM_IRQHandler
                0x08004578      0x1e0 ./Drivers/STM32F4xx_HAL_Driver/Src/stm32f4xx_hal_tim.o
                0x08004578                HAL_TIM_IRQHandler
 .text.HAL_TIM_OC_DelayElapsedCallback
                0x08004758       0x14 ./Drivers/STM32F4xx_HAL_Driver/Src/stm32f4xx_hal_tim.o
                0x08004758                HAL_TIM_OC_DelayElapsedCallback
 .text.HAL_TIM_IC_CaptureCallback
                0x0800476c       0x14 ./Drivers/STM32F4xx_HAL_Driver/Src/stm32f4xx_hal_tim.o
                0x0800476c                HAL_TIM_IC_CaptureCallback
 .text.HAL_TIM_PWM_PulseFinishedCallback
                0x08004780       0x14 ./Drivers/STM32F4xx_HAL_Driver/Src/stm32f4xx_hal_tim.o
                0x08004780                HAL_TIM_PWM_PulseFinishedCallback
 .text.HAL_TIM_TriggerCallback
                0x08004794       0x14 ./Drivers/STM32F4xx_HAL_Driver/Src/stm32f4xx_hal_tim.o
                0x08004794                HAL_TIM_TriggerCallback
 .text.TIM_Base_SetConfig
                0x080047a8      0x14c ./Drivers/STM32F4xx_HAL_Driver/Src/stm32f4xx_hal_tim.o
                0x080047a8                TIM_Base_SetConfig
 .text.HAL_TIMEx_MasterConfigSynchronization
                0x080048f4       0xf8 ./Drivers/STM32F4xx_HAL_Driver/Src/stm32f4xx_hal_tim_ex.o
                0x080048f4                HAL_TIMEx_MasterConfigSynchronization
 .text.HAL_TIMEx_CommutCallback
                0x080049ec       0x14 ./Drivers/STM32F4xx_HAL_Driver/Src/stm32f4xx_hal_tim_ex.o
                0x080049ec                HAL_TIMEx_CommutCallback
 .text.HAL_TIMEx_BreakCallback
                0x08004a00       0x14 ./Drivers/STM32F4xx_HAL_Driver/Src/stm32f4xx_hal_tim_ex.o
                0x08004a00                HAL_TIMEx_BreakCallback
 .text.HAL_UART_Init
                0x08004a14       0xa0 ./Drivers/STM32F4xx_HAL_Driver/Src/stm32f4xx_hal_uart.o
                0x08004a14                HAL_UART_Init
 .text.HAL_UART_Transmit
                0x08004ab4      0x116 ./Drivers/STM32F4xx_HAL_Driver/Src/stm32f4xx_hal_uart.o
                0x08004ab4                HAL_UART_Transmit
 .text.HAL_UART_Receive
                0x08004bca      0x12e ./Drivers/STM32F4xx_HAL_Driver/Src/stm32f4xx_hal_uart.o
                0x08004bca                HAL_UART_Receive
 .text.HAL_UART_Transmit_IT
                0x08004cf8       0x6c ./Drivers/STM32F4xx_HAL_Driver/Src/stm32f4xx_hal_uart.o
                0x08004cf8                HAL_UART_Transmit_IT
 .text.HAL_UART_Receive_IT
                0x08004d64       0x4a ./Drivers/STM32F4xx_HAL_Driver/Src/stm32f4xx_hal_uart.o
                0x08004d64                HAL_UART_Receive_IT
 *fill*         0x08004dae        0x2 
 .text.HAL_UART_IRQHandler
                0x08004db0      0x554 ./Drivers/STM32F4xx_HAL_Driver/Src/stm32f4xx_hal_uart.o
                0x08004db0                HAL_UART_IRQHandler
 .text.HAL_UART_TxCpltCallback
                0x08005304       0x14 ./Drivers/STM32F4xx_HAL_Driver/Src/stm32f4xx_hal_uart.o
                0x08005304                HAL_UART_TxCpltCallback
 .text.HAL_UART_ErrorCallback
                0x08005318       0x14 ./Drivers/STM32F4xx_HAL_Driver/Src/stm32f4xx_hal_uart.o
                0x08005318                HAL_UART_ErrorCallback
 .text.HAL_UARTEx_RxEventCallback
                0x0800532c       0x18 ./Drivers/STM32F4xx_HAL_Driver/Src/stm32f4xx_hal_uart.o
                0x0800532c                HAL_UARTEx_RxEventCallback
 .text.UART_WaitOnFlagUntilTimeout
                0x08005344       0xb2 ./Drivers/STM32F4xx_HAL_Driver/Src/stm32f4xx_hal_uart.o
 .text.UART_Start_Receive_IT
                0x080053f6       0x74 ./Drivers/STM32F4xx_HAL_Driver/Src/stm32f4xx_hal_uart.o
                0x080053f6                UART_Start_Receive_IT
 .text.UART_EndRxTransfer
                0x0800546a       0xc6 ./Drivers/STM32F4xx_HAL_Driver/Src/stm32f4xx_hal_uart.o
 .text.UART_DMAAbortOnError
                0x08005530       0x22 ./Drivers/STM32F4xx_HAL_Driver/Src/stm32f4xx_hal_uart.o
 .text.UART_Transmit_IT
                0x08005552       0xa0 ./Drivers/STM32F4xx_HAL_Driver/Src/stm32f4xx_hal_uart.o
 .text.UART_EndTransmit_IT
                0x080055f2       0x30 ./Drivers/STM32F4xx_HAL_Driver/Src/stm32f4xx_hal_uart.o
 .text.UART_Receive_IT
                0x08005622      0x17c ./Drivers/STM32F4xx_HAL_Driver/Src/stm32f4xx_hal_uart.o
 *fill*         0x0800579e        0x2 
 .text.UART_SetConfig
                0x080057a0      0x4e8 ./Drivers/STM32F4xx_HAL_Driver/Src/stm32f4xx_hal_uart.o
 .text.atoi     0x08005c88        0x8 C:/STM32/STM32CubeIDE_1.19.0/STM32CubeIDE/plugins/com.st.stm32cube.ide.mcu.externaltools.gnu-tools-for-stm32.13.3.rel1.win32_1.0.0.202411081344/tools/bin/../lib/gcc/arm-none-eabi/13.3.1/../../../../arm-none-eabi/lib/thumb/v7e-m+fp/hard\libc_nano.a(libc_a-atoi.o)
                0x08005c88                atoi
 .text._strtol_l.isra.0
                0x08005c90       0xf4 C:/STM32/STM32CubeIDE_1.19.0/STM32CubeIDE/plugins/com.st.stm32cube.ide.mcu.externaltools.gnu-tools-for-stm32.13.3.rel1.win32_1.0.0.202411081344/tools/bin/../lib/gcc/arm-none-eabi/13.3.1/../../../../arm-none-eabi/lib/thumb/v7e-m+fp/hard\libc_nano.a(libc_a-strtol.o)
 .text.strtol   0x08005d84       0x14 C:/STM32/STM32CubeIDE_1.19.0/STM32CubeIDE/plugins/com.st.stm32cube.ide.mcu.externaltools.gnu-tools-for-stm32.13.3.rel1.win32_1.0.0.202411081344/tools/bin/../lib/gcc/arm-none-eabi/13.3.1/../../../../arm-none-eabi/lib/thumb/v7e-m+fp/hard\libc_nano.a(libc_a-strtol.o)
                0x08005d84                strtol
 .text.snprintf
                0x08005d98       0x6c C:/STM32/STM32CubeIDE_1.19.0/STM32CubeIDE/plugins/com.st.stm32cube.ide.mcu.externaltools.gnu-tools-for-stm32.13.3.rel1.win32_1.0.0.202411081344/tools/bin/../lib/gcc/arm-none-eabi/13.3.1/../../../../arm-none-eabi/lib/thumb/v7e-m+fp/hard\libc_nano.a(libc_a-snprintf.o)
                0x08005d98                sniprintf
                0x08005d98                snprintf
 .text.memset   0x08005e04       0x10 C:/STM32/STM32CubeIDE_1.19.0/STM32CubeIDE/plugins/com.st.stm32cube.ide.mcu.externaltools.gnu-tools-for-stm32.13.3.rel1.win32_1.0.0.202411081344/tools/bin/../lib/gcc/arm-none-eabi/13.3.1/../../../../arm-none-eabi/lib/thumb/v7e-m+fp/hard\libc_nano.a(libc_a-memset.o)
                0x08005e04                memset
 .text.strncmp  0x08005e14       0x24 C:/STM32/STM32CubeIDE_1.19.0/STM32CubeIDE/plugins/com.st.stm32cube.ide.mcu.externaltools.gnu-tools-for-stm32.13.3.rel1.win32_1.0.0.202411081344/tools/bin/../lib/gcc/arm-none-eabi/13.3.1/../../../../arm-none-eabi/lib/thumb/v7e-m+fp/hard\libc_nano.a(libc_a-strncmp.o)
                0x08005e14                strncmp
 .text.__strtok_r
                0x08005e38       0x50 C:/STM32/STM32CubeIDE_1.19.0/STM32CubeIDE/plugins/com.st.stm32cube.ide.mcu.externaltools.gnu-tools-for-stm32.13.3.rel1.win32_1.0.0.202411081344/tools/bin/../lib/gcc/arm-none-eabi/13.3.1/../../../../arm-none-eabi/lib/thumb/v7e-m+fp/hard\libc_nano.a(libc_a-strtok_r.o)
                0x08005e38                __strtok_r
 .text.strtok_r
                0x08005e88        0x6 C:/STM32/STM32CubeIDE_1.19.0/STM32CubeIDE/plugins/com.st.stm32cube.ide.mcu.externaltools.gnu-tools-for-stm32.13.3.rel1.win32_1.0.0.202411081344/tools/bin/../lib/gcc/arm-none-eabi/13.3.1/../../../../arm-none-eabi/lib/thumb/v7e-m+fp/hard\libc_nano.a(libc_a-strtok_r.o)
                0x08005e88                strtok_r
 .text.strstr   0x08005e8e       0x2c C:/STM32/STM32CubeIDE_1.19.0/STM32CubeIDE/plugins/com.st.stm32cube.ide.mcu.externaltools.gnu-tools-for-stm32.13.3.rel1.win32_1.0.0.202411081344/tools/bin/../lib/gcc/arm-none-eabi/13.3.1/../../../../arm-none-eabi/lib/thumb/v7e-m+fp/hard\libc_nano.a(libc_a-strstr.o)
                0x08005e8e                strstr
 *fill*         0x08005eba        0x2 
 .text.__errno  0x08005ebc        0xc C:/STM32/STM32CubeIDE_1.19.0/STM32CubeIDE/plugins/com.st.stm32cube.ide.mcu.externaltools.gnu-tools-for-stm32.13.3.rel1.win32_1.0.0.202411081344/tools/bin/../lib/gcc/arm-none-eabi/13.3.1/../../../../arm-none-eabi/lib/thumb/v7e-m+fp/hard\libc_nano.a(libc_a-errno.o)
                0x08005ebc                __errno
 .text.__libc_init_array
                0x08005ec8       0x48 C:/STM32/STM32CubeIDE_1.19.0/STM32CubeIDE/plugins/com.st.stm32cube.ide.mcu.externaltools.gnu-tools-for-stm32.13.3.rel1.win32_1.0.0.202411081344/tools/bin/../lib/gcc/arm-none-eabi/13.3.1/../../../../arm-none-eabi/lib/thumb/v7e-m+fp/hard\libc_nano.a(libc_a-init.o)
                0x08005ec8                __libc_init_array
 .text.__retarget_lock_acquire_recursive
                0x08005f10        0x2 C:/STM32/STM32CubeIDE_1.19.0/STM32CubeIDE/plugins/com.st.stm32cube.ide.mcu.externaltools.gnu-tools-for-stm32.13.3.rel1.win32_1.0.0.202411081344/tools/bin/../lib/gcc/arm-none-eabi/13.3.1/../../../../arm-none-eabi/lib/thumb/v7e-m+fp/hard\libc_nano.a(libc_a-lock.o)
                0x08005f10                __retarget_lock_acquire_recursive
 .text.__retarget_lock_release_recursive
                0x08005f12        0x2 C:/STM32/STM32CubeIDE_1.19.0/STM32CubeIDE/plugins/com.st.stm32cube.ide.mcu.externaltools.gnu-tools-for-stm32.13.3.rel1.win32_1.0.0.202411081344/tools/bin/../lib/gcc/arm-none-eabi/13.3.1/../../../../arm-none-eabi/lib/thumb/v7e-m+fp/hard\libc_nano.a(libc_a-lock.o)
                0x08005f12                __retarget_lock_release_recursive
 .text.strcpy   0x08005f14       0x10 C:/STM32/STM32CubeIDE_1.19.0/STM32CubeIDE/plugins/com.st.stm32cube.ide.mcu.externaltools.gnu-tools-for-stm32.13.3.rel1.win32_1.0.0.202411081344/tools/bin/../lib/gcc/arm-none-eabi/13.3.1/../../../../arm-none-eabi/lib/thumb/v7e-m+fp/hard\libc_nano.a(libc_a-strcpy.o)
                0x08005f14                strcpy
 .text.memcpy   0x08005f24       0x1c C:/STM32/STM32CubeIDE_1.19.0/STM32CubeIDE/plugins/com.st.stm32cube.ide.mcu.externaltools.gnu-tools-for-stm32.13.3.rel1.win32_1.0.0.202411081344/tools/bin/../lib/gcc/arm-none-eabi/13.3.1/../../../../arm-none-eabi/lib/thumb/v7e-m+fp/hard\libc_nano.a(libc_a-memcpy-stub.o)
                0x08005f24                memcpy
 .text._free_r  0x08005f40       0x94 C:/STM32/STM32CubeIDE_1.19.0/STM32CubeIDE/plugins/com.st.stm32cube.ide.mcu.externaltools.gnu-tools-for-stm32.13.3.rel1.win32_1.0.0.202411081344/tools/bin/../lib/gcc/arm-none-eabi/13.3.1/../../../../arm-none-eabi/lib/thumb/v7e-m+fp/hard\libc_nano.a(libc_a-freer.o)
                0x08005f40                _free_r
 .text.sbrk_aligned
                0x08005fd4       0x44 C:/STM32/STM32CubeIDE_1.19.0/STM32CubeIDE/plugins/com.st.stm32cube.ide.mcu.externaltools.gnu-tools-for-stm32.13.3.rel1.win32_1.0.0.202411081344/tools/bin/../lib/gcc/arm-none-eabi/13.3.1/../../../../arm-none-eabi/lib/thumb/v7e-m+fp/hard\libc_nano.a(libc_a-mallocr.o)
 .text._malloc_r
                0x08006018      0x100 C:/STM32/STM32CubeIDE_1.19.0/STM32CubeIDE/plugins/com.st.stm32cube.ide.mcu.externaltools.gnu-tools-for-stm32.13.3.rel1.win32_1.0.0.202411081344/tools/bin/../lib/gcc/arm-none-eabi/13.3.1/../../../../arm-none-eabi/lib/thumb/v7e-m+fp/hard\libc_nano.a(libc_a-mallocr.o)
                0x08006018                _malloc_r
 .text.__malloc_lock
                0x08006118        0xc C:/STM32/STM32CubeIDE_1.19.0/STM32CubeIDE/plugins/com.st.stm32cube.ide.mcu.externaltools.gnu-tools-for-stm32.13.3.rel1.win32_1.0.0.202411081344/tools/bin/../lib/gcc/arm-none-eabi/13.3.1/../../../../arm-none-eabi/lib/thumb/v7e-m+fp/hard\libc_nano.a(libc_a-mlock.o)
                0x08006118                __malloc_lock
 .text.__malloc_unlock
                0x08006124        0xc C:/STM32/STM32CubeIDE_1.19.0/STM32CubeIDE/plugins/com.st.stm32cube.ide.mcu.externaltools.gnu-tools-for-stm32.13.3.rel1.win32_1.0.0.202411081344/tools/bin/../lib/gcc/arm-none-eabi/13.3.1/../../../../arm-none-eabi/lib/thumb/v7e-m+fp/hard\libc_nano.a(libc_a-mlock.o)
                0x08006124                __malloc_unlock
 .text.__ssputs_r
                0x08006130       0xb6 C:/STM32/STM32CubeIDE_1.19.0/STM32CubeIDE/plugins/com.st.stm32cube.ide.mcu.externaltools.gnu-tools-for-stm32.13.3.rel1.win32_1.0.0.202411081344/tools/bin/../lib/gcc/arm-none-eabi/13.3.1/../../../../arm-none-eabi/lib/thumb/v7e-m+fp/hard\libc_nano.a(libc_a-nano-svfprintf.o)
                0x08006130                __ssputs_r
 *fill*         0x080061e6        0x2 
 .text._svfprintf_r
                0x080061e8      0x1f8 C:/STM32/STM32CubeIDE_1.19.0/STM32CubeIDE/plugins/com.st.stm32cube.ide.mcu.externaltools.gnu-tools-for-stm32.13.3.rel1.win32_1.0.0.202411081344/tools/bin/../lib/gcc/arm-none-eabi/13.3.1/../../../../arm-none-eabi/lib/thumb/v7e-m+fp/hard\libc_nano.a(libc_a-nano-svfprintf.o)
                0x080061e8                _svfiprintf_r
                0x080061e8                _svfprintf_r
 .text._printf_common
                0x080063e0       0xda C:/STM32/STM32CubeIDE_1.19.0/STM32CubeIDE/plugins/com.st.stm32cube.ide.mcu.externaltools.gnu-tools-for-stm32.13.3.rel1.win32_1.0.0.202411081344/tools/bin/../lib/gcc/arm-none-eabi/13.3.1/../../../../arm-none-eabi/lib/thumb/v7e-m+fp/hard\libc_nano.a(libc_a-nano-vfprintf_i.o)
                0x080063e0                _printf_common
 *fill*         0x080064ba        0x2 
 .text._printf_i
                0x080064bc      0x23c C:/STM32/STM32CubeIDE_1.19.0/STM32CubeIDE/plugins/com.st.stm32cube.ide.mcu.externaltools.gnu-tools-for-stm32.13.3.rel1.win32_1.0.0.202411081344/tools/bin/../lib/gcc/arm-none-eabi/13.3.1/../../../../arm-none-eabi/lib/thumb/v7e-m+fp/hard\libc_nano.a(libc_a-nano-vfprintf_i.o)
                0x080064bc                _printf_i
 .text.memmove  0x080066f8       0x34 C:/STM32/STM32CubeIDE_1.19.0/STM32CubeIDE/plugins/com.st.stm32cube.ide.mcu.externaltools.gnu-tools-for-stm32.13.3.rel1.win32_1.0.0.202411081344/tools/bin/../lib/gcc/arm-none-eabi/13.3.1/../../../../arm-none-eabi/lib/thumb/v7e-m+fp/hard\libc_nano.a(libc_a-memmove.o)
                0x080066f8                memmove
 .text._sbrk_r  0x0800672c       0x20 C:/STM32/STM32CubeIDE_1.19.0/STM32CubeIDE/plugins/com.st.stm32cube.ide.mcu.externaltools.gnu-tools-for-stm32.13.3.rel1.win32_1.0.0.202411081344/tools/bin/../lib/gcc/arm-none-eabi/13.3.1/../../../../arm-none-eabi/lib/thumb/v7e-m+fp/hard\libc_nano.a(libc_a-sbrkr.o)
                0x0800672c                _sbrk_r
 .text._realloc_r
                0x0800674c       0x5c C:/STM32/STM32CubeIDE_1.19.0/STM32CubeIDE/plugins/com.st.stm32cube.ide.mcu.externaltools.gnu-tools-for-stm32.13.3.rel1.win32_1.0.0.202411081344/tools/bin/../lib/gcc/arm-none-eabi/13.3.1/../../../../arm-none-eabi/lib/thumb/v7e-m+fp/hard\libc_nano.a(libc_a-reallocr.o)
                0x0800674c                _realloc_r
 .text._malloc_usable_size_r
                0x080067a8       0x10 C:/STM32/STM32CubeIDE_1.19.0/STM32CubeIDE/plugins/com.st.stm32cube.ide.mcu.externaltools.gnu-tools-for-stm32.13.3.rel1.win32_1.0.0.202411081344/tools/bin/../lib/gcc/arm-none-eabi/13.3.1/../../../../arm-none-eabi/lib/thumb/v7e-m+fp/hard\libc_nano.a(libc_a-msizer.o)
                0x080067a8                _malloc_usable_size_r
 *(.glue_7)
 .glue_7        0x080067b8        0x0 linker stubs
 *(.glue_7t)
 .glue_7t       0x080067b8        0x0 linker stubs
 *(.eh_frame)
 .eh_frame      0x080067b8        0x0 C:/STM32/STM32CubeIDE_1.19.0/STM32CubeIDE/plugins/com.st.stm32cube.ide.mcu.externaltools.gnu-tools-for-stm32.13.3.rel1.win32_1.0.0.202411081344/tools/bin/../lib/gcc/arm-none-eabi/13.3.1/thumb/v7e-m+fp/hard/crtbegin.o
 *(.init)
 .init          0x080067b8        0x4 C:/STM32/STM32CubeIDE_1.19.0/STM32CubeIDE/plugins/com.st.stm32cube.ide.mcu.externaltools.gnu-tools-for-stm32.13.3.rel1.win32_1.0.0.202411081344/tools/bin/../lib/gcc/arm-none-eabi/13.3.1/thumb/v7e-m+fp/hard/crti.o
                0x080067b8                _init
 .init          0x080067bc        0x8 C:/STM32/STM32CubeIDE_1.19.0/STM32CubeIDE/plugins/com.st.stm32cube.ide.mcu.externaltools.gnu-tools-for-stm32.13.3.rel1.win32_1.0.0.202411081344/tools/bin/../lib/gcc/arm-none-eabi/13.3.1/thumb/v7e-m+fp/hard/crtn.o
 *(.fini)
 .fini          0x080067c4        0x4 C:/STM32/STM32CubeIDE_1.19.0/STM32CubeIDE/plugins/com.st.stm32cube.ide.mcu.externaltools.gnu-tools-for-stm32.13.3.rel1.win32_1.0.0.202411081344/tools/bin/../lib/gcc/arm-none-eabi/13.3.1/thumb/v7e-m+fp/hard/crti.o
                0x080067c4                _fini
 .fini          0x080067c8        0x8 C:/STM32/STM32CubeIDE_1.19.0/STM32CubeIDE/plugins/com.st.stm32cube.ide.mcu.externaltools.gnu-tools-for-stm32.13.3.rel1.win32_1.0.0.202411081344/tools/bin/../lib/gcc/arm-none-eabi/13.3.1/thumb/v7e-m+fp/hard/crtn.o
                0x080067d0                        . = ALIGN (0x4)
                0x080067d0                        _etext = .

.vfp11_veneer   0x080067d0        0x0
 .vfp11_veneer  0x080067d0        0x0 linker stubs

.v4_bx          0x080067d0        0x0
 .v4_bx         0x080067d0        0x0 linker stubs

.iplt           0x080067d0        0x0
 .iplt          0x080067d0        0x0 C:/STM32/STM32CubeIDE_1.19.0/STM32CubeIDE/plugins/com.st.stm32cube.ide.mcu.externaltools.gnu-tools-for-stm32.13.3.rel1.win32_1.0.0.202411081344/tools/bin/../lib/gcc/arm-none-eabi/13.3.1/thumb/v7e-m+fp/hard/crtbegin.o

.rodata         0x080067d0      0x1f8
                0x080067d0                        . = ALIGN (0x4)
 *(.rodata)
 .rodata        0x080067d0       0x91 ./Core/Src/gsm.o
 *fill*         0x08006861        0x3 
 .rodata        0x08006864        0x3 ./Core/Src/main.o
 *fill*         0x08006867        0x1 
 .rodata        0x08006868       0x12 ./Core/Src/sensor.o
 *(.rodata*)
 *fill*         0x0800687a        0x2 
 .rodata.AHBPrescTable
                0x0800687c       0x10 ./Core/Src/system_stm32f4xx.o
                0x0800687c                AHBPrescTable
 .rodata.APBPrescTable
                0x0800688c        0x8 ./Core/Src/system_stm32f4xx.o
                0x0800688c                APBPrescTable
 .rodata._ctype_
                0x08006894      0x101 C:/STM32/STM32CubeIDE_1.19.0/STM32CubeIDE/plugins/com.st.stm32cube.ide.mcu.externaltools.gnu-tools-for-stm32.13.3.rel1.win32_1.0.0.202411081344/tools/bin/../lib/gcc/arm-none-eabi/13.3.1/../../../../arm-none-eabi/lib/thumb/v7e-m+fp/hard\libc_nano.a(libc_a-ctype_.o)
                0x08006894                _ctype_
 .rodata._svfprintf_r.str1.1
                0x08006995       0x33 C:/STM32/STM32CubeIDE_1.19.0/STM32CubeIDE/plugins/com.st.stm32cube.ide.mcu.externaltools.gnu-tools-for-stm32.13.3.rel1.win32_1.0.0.202411081344/tools/bin/../lib/gcc/arm-none-eabi/13.3.1/../../../../arm-none-eabi/lib/thumb/v7e-m+fp/hard\libc_nano.a(libc_a-nano-svfprintf.o)
                                 0x11 (size before relaxing)
 .rodata._printf_i.str1.1
                0x080069c8       0x22 C:/STM32/STM32CubeIDE_1.19.0/STM32CubeIDE/plugins/com.st.stm32cube.ide.mcu.externaltools.gnu-tools-for-stm32.13.3.rel1.win32_1.0.0.202411081344/tools/bin/../lib/gcc/arm-none-eabi/13.3.1/../../../../arm-none-eabi/lib/thumb/v7e-m+fp/hard\libc_nano.a(libc_a-nano-vfprintf_i.o)
                0x080069ec                        . = ALIGN (0x4)

.ARM.extab      0x080069c8        0x0
                0x080069c8                        . = ALIGN (0x4)
 *(.ARM.extab* .gnu.linkonce.armextab.*)
                0x080069c8                        . = ALIGN (0x4)

.ARM            0x080069c8        0x8
                0x080069c8                        . = ALIGN (0x4)
                0x080069c8                        __exidx_start = .
 *(.ARM.exidx*)
 .ARM.exidx     0x080069c8        0x8 C:/STM32/STM32CubeIDE_1.19.0/STM32CubeIDE/plugins/com.st.stm32cube.ide.mcu.externaltools.gnu-tools-for-stm32.13.3.rel1.win32_1.0.0.202411081344/tools/bin/../lib/gcc/arm-none-eabi/13.3.1/../../../../arm-none-eabi/lib/thumb/v7e-m+fp/hard\libc_nano.a(libc_a-strlen.o)
 .ARM.exidx     0x080069d0        0x0 C:/STM32/STM32CubeIDE_1.19.0/STM32CubeIDE/plugins/com.st.stm32cube.ide.mcu.externaltools.gnu-tools-for-stm32.13.3.rel1.win32_1.0.0.202411081344/tools/bin/../lib/gcc/arm-none-eabi/13.3.1/../../../../arm-none-eabi/lib/thumb/v7e-m+fp/hard\libc_nano.a(libc_a-memchr.o)
                                  0x8 (size before relaxing)
 .ARM.exidx     0x080069d0        0x0 C:/STM32/STM32CubeIDE_1.19.0/STM32CubeIDE/plugins/com.st.stm32cube.ide.mcu.externaltools.gnu-tools-for-stm32.13.3.rel1.win32_1.0.0.202411081344/tools/bin/../lib/gcc/arm-none-eabi/13.3.1/thumb/v7e-m+fp/hard\libgcc.a(_udivmoddi4.o)
                                  0x8 (size before relaxing)
                0x080069d0                        __exidx_end = .
                0x080069d0                        . = ALIGN (0x4)

.preinit_array  0x080069d0        0x0
                0x080069d0                        . = ALIGN (0x4)
                0x080069d0                        PROVIDE (__preinit_array_start = .)
 *(.preinit_array*)
                0x080069d0                        PROVIDE (__preinit_array_end = .)
                0x080069d0                        . = ALIGN (0x4)

.init_array     0x080069d0        0x4
                0x080069d0                        . = ALIGN (0x4)
                0x080069d0                        PROVIDE (__init_array_start = .)
 *(SORT_BY_NAME(.init_array.*))
 *(.init_array*)
 .init_array    0x080069d0        0x4 C:/STM32/STM32CubeIDE_1.19.0/STM32CubeIDE/plugins/com.st.stm32cube.ide.mcu.externaltools.gnu-tools-for-stm32.13.3.rel1.win32_1.0.0.202411081344/tools/bin/../lib/gcc/arm-none-eabi/13.3.1/thumb/v7e-m+fp/hard/crtbegin.o
                0x080069d4                        PROVIDE (__init_array_end = .)
                0x080069d4                        . = ALIGN (0x4)

.fini_array     0x080069d4        0x4
                0x080069d4                        . = ALIGN (0x4)
                [!provide]                        PROVIDE (__fini_array_start = .)
 *(SORT_BY_NAME(.fini_array.*))
 *(.fini_array*)
 .fini_array    0x080069d4        0x4 C:/STM32/STM32CubeIDE_1.19.0/STM32CubeIDE/plugins/com.st.stm32cube.ide.mcu.externaltools.gnu-tools-for-stm32.13.3.rel1.win32_1.0.0.202411081344/tools/bin/../lib/gcc/arm-none-eabi/13.3.1/thumb/v7e-m+fp/hard/crtbegin.o
                [!provide]                        PROVIDE (__fini_array_end = .)
                0x080069d8                        . = ALIGN (0x4)
                0x080069d8                        _sidata = LOADADDR (.data)

.rel.dyn        0x080069d8        0x0
 .rel.iplt      0x080069d8        0x0 C:/STM32/STM32CubeIDE_1.19.0/STM32CubeIDE/plugins/com.st.stm32cube.ide.mcu.externaltools.gnu-tools-for-stm32.13.3.rel1.win32_1.0.0.202411081344/tools/bin/../lib/gcc/arm-none-eabi/13.3.1/thumb/v7e-m+fp/hard/crtbegin.o

.data           0x20000000       0x60 load address 0x080069d8
                0x20000000                        . = ALIGN (0x4)
                0x20000000                        _sdata = .
 *(.data)
 *(.data*)
 .data.switch_flag
                0x20000000        0x4 ./Core/Src/pir.o
                0x20000000                switch_flag
 .data.SystemCoreClock
                0x20000004        0x4 ./Core/Src/system_stm32f4xx.o
                0x20000004                SystemCoreClock
 .data.uwTickPrio
                0x20000008        0x4 ./Drivers/STM32F4xx_HAL_Driver/Src/stm32f4xx_hal.o
                0x20000008                uwTickPrio
 .data.uwTickFreq
                0x2000000c        0x1 ./Drivers/STM32F4xx_HAL_Driver/Src/stm32f4xx_hal.o
                0x2000000c                uwTickFreq
 *fill*         0x2000000d        0x3 
 .data._impure_ptr
                0x20000010        0x4 C:/STM32/STM32CubeIDE_1.19.0/STM32CubeIDE/plugins/com.st.stm32cube.ide.mcu.externaltools.gnu-tools-for-stm32.13.3.rel1.win32_1.0.0.202411081344/tools/bin/../lib/gcc/arm-none-eabi/13.3.1/../../../../arm-none-eabi/lib/thumb/v7e-m+fp/hard\libc_nano.a(libc_a-impure.o)
                0x20000010                _impure_ptr
 .data._impure_data
                0x20000014       0x4c C:/STM32/STM32CubeIDE_1.19.0/STM32CubeIDE/plugins/com.st.stm32cube.ide.mcu.externaltools.gnu-tools-for-stm32.13.3.rel1.win32_1.0.0.202411081344/tools/bin/../lib/gcc/arm-none-eabi/13.3.1/../../../../arm-none-eabi/lib/thumb/v7e-m+fp/hard\libc_nano.a(libc_a-impure.o)
                0x20000014                _impure_data
 *(.RamFunc)
 *(.RamFunc*)
                0x20000060                        . = ALIGN (0x4)
                0x20000060                        _edata = .

.igot.plt       0x20000060        0x0 load address 0x08006a38
 .igot.plt      0x20000060        0x0 C:/STM32/STM32CubeIDE_1.19.0/STM32CubeIDE/plugins/com.st.stm32cube.ide.mcu.externaltools.gnu-tools-for-stm32.13.3.rel1.win32_1.0.0.202411081344/tools/bin/../lib/gcc/arm-none-eabi/13.3.1/thumb/v7e-m+fp/hard/crtbegin.o
                0x20000060                        . = ALIGN (0x4)

.bss            0x20000060      0x5d0 load address 0x08006a38
                0x20000060                        _sbss = .
                0x20000060                        __bss_start__ = _sbss
 *(.bss)
 .bss           0x20000060       0x1c C:/STM32/STM32CubeIDE_1.19.0/STM32CubeIDE/plugins/com.st.stm32cube.ide.mcu.externaltools.gnu-tools-for-stm32.13.3.rel1.win32_1.0.0.202411081344/tools/bin/../lib/gcc/arm-none-eabi/13.3.1/thumb/v7e-m+fp/hard/crtbegin.o
 *(.bss*)
 .bss.sim_rx_byte
                0x2000007c        0x1 ./Core/Src/gsm.o
                0x2000007c                sim_rx_byte
 *fill*         0x2000007d        0x3 
 .bss.sim_rx_buffer
                0x20000080       0x64 ./Core/Src/gsm.o
                0x20000080                sim_rx_buffer
 .bss.sim_rx_index
                0x200000e4        0x2 ./Core/Src/gsm.o
                0x200000e4                sim_rx_index
 .bss.line_ready
                0x200000e6        0x1 ./Core/Src/gsm.o
                0x200000e6                line_ready
 .bss.result    0x200000e7        0x1 ./Core/Src/gsm.o
                0x200000e7                result
 .bss.status    0x200000e8        0x1 ./Core/Src/gsm.o
                0x200000e8                status
 *fill*         0x200000e9        0x3 
 .bss.hi2c1     0x200000ec       0x54 ./Core/Src/main.o
                0x200000ec                hi2c1
 .bss.htim6     0x20000140       0x48 ./Core/Src/main.o
                0x20000140                htim6
 .bss.huart4    0x20000188       0x48 ./Core/Src/main.o
                0x20000188                huart4
 .bss.huart5    0x200001d0       0x48 ./Core/Src/main.o
                0x200001d0                huart5
 .bss.huart2    0x20000218       0x48 ./Core/Src/main.o
                0x20000218                huart2
 .bss.g_time    0x20000260        0x4 ./Core/Src/main.o
                0x20000260                g_time
 .bss.uart_flag
                0x20000264        0x4 ./Core/Src/main.o
                0x20000264                uart_flag
 .bss.uart_int_time
                0x20000268        0x4 ./Core/Src/main.o
                0x20000268                uart_int_time
 .bss.uart_idle_time
                0x2000026c        0x4 ./Core/Src/main.o
                0x2000026c                uart_idle_time
 .bss.data      0x20000270        0x1 ./Core/Src/main.o
                0x20000270                data
 *fill*         0x20000271        0x3 
 .bss.uart_index
                0x20000274        0x4 ./Core/Src/main.o
                0x20000274                uart_index
 .bss.request_t
                0x20000278        0xa ./Core/Src/main.o
                0x20000278                request_t
 *fill*         0x20000282        0x2 
 .bss.time_check
                0x20000284        0x4 ./Core/Src/main.o
                0x20000284                time_check
 .bss.range     0x20000288        0x4 ./Core/Src/main.o
                0x20000288                range
 .bss.sensor_state
                0x2000028c        0x1 ./Core/Src/main.o
                0x2000028c                sensor_state
 *fill*         0x2000028d        0x3 
 .bss.holding_registers
                0x20000290       0xc8 ./Core/Src/modbus.o
                0x20000290                holding_registers
 .bss.modbus_frame
                0x20000358        0x8 ./Core/Src/modbus.o
                0x20000358                modbus_frame
 .bss.reply     0x20000360       0x64 ./Core/Src/modbus.o
                0x20000360                reply
 .bss.values    0x200003c4       0xc8 ./Core/Src/modbus.o
                0x200003c4                values
 .bss.register_count
                0x2000048c        0x2 ./Core/Src/modbus.o
                0x2000048c                register_count
 *fill*         0x2000048e        0x2 
 .bss.pir_1_int_count
                0x20000490        0x4 ./Core/Src/pir.o
                0x20000490                pir_1_int_count
 .bss.pir_2_int_count
                0x20000494        0x4 ./Core/Src/pir.o
                0x20000494                pir_2_int_count
 .bss.sensor_data_buffer
                0x20000498       0x19 ./Core/Src/sensor.o
                0x20000498                sensor_data_buffer
 *fill*         0x200004b1        0x3 
 .bss.object_distance_arr
                0x200004b4       0x28 ./Core/Src/sensor.o
                0x200004b4                object_distance_arr
 .bss.arr_counter
                0x200004dc        0x4 ./Core/Src/sensor.o
                0x200004dc                arr_counter
 .bss.__sbrk_heap_end
                0x200004e0        0x4 ./Core/Src/sysmem.o
 .bss.uwTick    0x200004e4        0x4 ./Drivers/STM32F4xx_HAL_Driver/Src/stm32f4xx_hal.o
                0x200004e4                uwTick
 .bss.__sf      0x200004e8      0x138 C:/STM32/STM32CubeIDE_1.19.0/STM32CubeIDE/plugins/com.st.stm32cube.ide.mcu.externaltools.gnu-tools-for-stm32.13.3.rel1.win32_1.0.0.202411081344/tools/bin/../lib/gcc/arm-none-eabi/13.3.1/../../../../arm-none-eabi/lib/thumb/v7e-m+fp/hard\libc_nano.a(libc_a-findfp.o)
                0x200004e8                __sf
 .bss.errno     0x20000620        0x4 C:/STM32/STM32CubeIDE_1.19.0/STM32CubeIDE/plugins/com.st.stm32cube.ide.mcu.externaltools.gnu-tools-for-stm32.13.3.rel1.win32_1.0.0.202411081344/tools/bin/../lib/gcc/arm-none-eabi/13.3.1/../../../../arm-none-eabi/lib/thumb/v7e-m+fp/hard\libc_nano.a(libc_a-reent.o)
                0x20000620                errno
 .bss.__lock___malloc_recursive_mutex
                0x20000624        0x1 C:/STM32/STM32CubeIDE_1.19.0/STM32CubeIDE/plugins/com.st.stm32cube.ide.mcu.externaltools.gnu-tools-for-stm32.13.3.rel1.win32_1.0.0.202411081344/tools/bin/../lib/gcc/arm-none-eabi/13.3.1/../../../../arm-none-eabi/lib/thumb/v7e-m+fp/hard\libc_nano.a(libc_a-lock.o)
                0x20000624                __lock___malloc_recursive_mutex
 *fill*         0x20000625        0x3 
 .bss.__malloc_sbrk_start
                0x20000628        0x4 C:/STM32/STM32CubeIDE_1.19.0/STM32CubeIDE/plugins/com.st.stm32cube.ide.mcu.externaltools.gnu-tools-for-stm32.13.3.rel1.win32_1.0.0.202411081344/tools/bin/../lib/gcc/arm-none-eabi/13.3.1/../../../../arm-none-eabi/lib/thumb/v7e-m+fp/hard\libc_nano.a(libc_a-mallocr.o)
                0x20000628                __malloc_sbrk_start
 .bss.__malloc_free_list
                0x2000062c        0x4 C:/STM32/STM32CubeIDE_1.19.0/STM32CubeIDE/plugins/com.st.stm32cube.ide.mcu.externaltools.gnu-tools-for-stm32.13.3.rel1.win32_1.0.0.202411081344/tools/bin/../lib/gcc/arm-none-eabi/13.3.1/../../../../arm-none-eabi/lib/thumb/v7e-m+fp/hard\libc_nano.a(libc_a-mallocr.o)
                0x2000062c                __malloc_free_list
 *(COMMON)
                0x20000630                        . = ALIGN (0x4)
                0x20000630                        _ebss = .
                0x20000630                        __bss_end__ = _ebss

._user_heap_stack
                0x20000630      0x600 load address 0x08006a38
                0x20000630                        . = ALIGN (0x8)
                [!provide]                        PROVIDE (end = .)
                0x20000630                        PROVIDE (_end = .)
                0x20000830                        . = (. + _Min_Heap_Size)
 *fill*         0x20000630      0x200 
                0x20000c30                        . = (. + _Min_Stack_Size)
 *fill*         0x20000830      0x400 
                0x20000c30                        . = ALIGN (0x8)

/DISCARD/
 libc.a(*)
 libm.a(*)
 libgcc.a(*)

.ARM.attributes
                0x00000000       0x30
 *(.ARM.attributes)
 .ARM.attributes
                0x00000000       0x22 C:/STM32/STM32CubeIDE_1.19.0/STM32CubeIDE/plugins/com.st.stm32cube.ide.mcu.externaltools.gnu-tools-for-stm32.13.3.rel1.win32_1.0.0.202411081344/tools/bin/../lib/gcc/arm-none-eabi/13.3.1/thumb/v7e-m+fp/hard/crti.o
 .ARM.attributes
                0x00000022       0x34 C:/STM32/STM32CubeIDE_1.19.0/STM32CubeIDE/plugins/com.st.stm32cube.ide.mcu.externaltools.gnu-tools-for-stm32.13.3.rel1.win32_1.0.0.202411081344/tools/bin/../lib/gcc/arm-none-eabi/13.3.1/thumb/v7e-m+fp/hard/crtbegin.o
 .ARM.attributes
                0x00000056       0x34 ./Core/Src/buzzer.o
 .ARM.attributes
                0x0000008a       0x34 ./Core/Src/gsm.o
 .ARM.attributes
                0x000000be       0x34 ./Core/Src/main.o
 .ARM.attributes
                0x000000f2       0x34 ./Core/Src/modbus.o
 .ARM.attributes
                0x00000126       0x34 ./Core/Src/pir.o
 .ARM.attributes
                0x0000015a       0x34 ./Core/Src/sensor.o
 .ARM.attributes
                0x0000018e       0x34 ./Core/Src/stm32f4xx_hal_msp.o
 .ARM.attributes
                0x000001c2       0x34 ./Core/Src/stm32f4xx_it.o
 .ARM.attributes
                0x000001f6       0x34 ./Core/Src/sysmem.o
 .ARM.attributes
                0x0000022a       0x34 ./Core/Src/system_stm32f4xx.o
 .ARM.attributes
                0x0000025e       0x21 ./Core/Startup/startup_stm32f446zetx.o
 .ARM.attributes
                0x0000027f       0x34 ./Drivers/STM32F4xx_HAL_Driver/Src/stm32f4xx_hal.o
 .ARM.attributes
                0x000002b3       0x34 ./Drivers/STM32F4xx_HAL_Driver/Src/stm32f4xx_hal_cortex.o
 .ARM.attributes
                0x000002e7       0x34 ./Drivers/STM32F4xx_HAL_Driver/Src/stm32f4xx_hal_dma.o
 .ARM.attributes
                0x0000031b       0x34 ./Drivers/STM32F4xx_HAL_Driver/Src/stm32f4xx_hal_gpio.o
 .ARM.attributes
                0x0000034f       0x34 ./Drivers/STM32F4xx_HAL_Driver/Src/stm32f4xx_hal_i2c.o
 .ARM.attributes
                0x00000383       0x34 ./Drivers/STM32F4xx_HAL_Driver/Src/stm32f4xx_hal_rcc.o
 .ARM.attributes
                0x000003b7       0x34 ./Drivers/STM32F4xx_HAL_Driver/Src/stm32f4xx_hal_rcc_ex.o
 .ARM.attributes
                0x000003eb       0x34 ./Drivers/STM32F4xx_HAL_Driver/Src/stm32f4xx_hal_tim.o
 .ARM.attributes
                0x0000041f       0x34 ./Drivers/STM32F4xx_HAL_Driver/Src/stm32f4xx_hal_tim_ex.o
 .ARM.attributes
                0x00000453       0x34 ./Drivers/STM32F4xx_HAL_Driver/Src/stm32f4xx_hal_uart.o
 .ARM.attributes
                0x00000487       0x34 C:/STM32/STM32CubeIDE_1.19.0/STM32CubeIDE/plugins/com.st.stm32cube.ide.mcu.externaltools.gnu-tools-for-stm32.13.3.rel1.win32_1.0.0.202411081344/tools/bin/../lib/gcc/arm-none-eabi/13.3.1/../../../../arm-none-eabi/lib/thumb/v7e-m+fp/hard\libc_nano.a(libc_a-atoi.o)
 .ARM.attributes
                0x000004bb       0x34 C:/STM32/STM32CubeIDE_1.19.0/STM32CubeIDE/plugins/com.st.stm32cube.ide.mcu.externaltools.gnu-tools-for-stm32.13.3.rel1.win32_1.0.0.202411081344/tools/bin/../lib/gcc/arm-none-eabi/13.3.1/../../../../arm-none-eabi/lib/thumb/v7e-m+fp/hard\libc_nano.a(libc_a-strtol.o)
 .ARM.attributes
                0x000004ef       0x34 C:/STM32/STM32CubeIDE_1.19.0/STM32CubeIDE/plugins/com.st.stm32cube.ide.mcu.externaltools.gnu-tools-for-stm32.13.3.rel1.win32_1.0.0.202411081344/tools/bin/../lib/gcc/arm-none-eabi/13.3.1/../../../../arm-none-eabi/lib/thumb/v7e-m+fp/hard\libc_nano.a(libc_a-ctype_.o)
 .ARM.attributes
                0x00000523       0x34 C:/STM32/STM32CubeIDE_1.19.0/STM32CubeIDE/plugins/com.st.stm32cube.ide.mcu.externaltools.gnu-tools-for-stm32.13.3.rel1.win32_1.0.0.202411081344/tools/bin/../lib/gcc/arm-none-eabi/13.3.1/../../../../arm-none-eabi/lib/thumb/v7e-m+fp/hard\libc_nano.a(libc_a-findfp.o)
 .ARM.attributes
                0x00000557       0x34 C:/STM32/STM32CubeIDE_1.19.0/STM32CubeIDE/plugins/com.st.stm32cube.ide.mcu.externaltools.gnu-tools-for-stm32.13.3.rel1.win32_1.0.0.202411081344/tools/bin/../lib/gcc/arm-none-eabi/13.3.1/../../../../arm-none-eabi/lib/thumb/v7e-m+fp/hard\libc_nano.a(libc_a-snprintf.o)
 .ARM.attributes
                0x0000058b       0x34 C:/STM32/STM32CubeIDE_1.19.0/STM32CubeIDE/plugins/com.st.stm32cube.ide.mcu.externaltools.gnu-tools-for-stm32.13.3.rel1.win32_1.0.0.202411081344/tools/bin/../lib/gcc/arm-none-eabi/13.3.1/../../../../arm-none-eabi/lib/thumb/v7e-m+fp/hard\libc_nano.a(libc_a-memset.o)
 .ARM.attributes
                0x000005bf       0x34 C:/STM32/STM32CubeIDE_1.19.0/STM32CubeIDE/plugins/com.st.stm32cube.ide.mcu.externaltools.gnu-tools-for-stm32.13.3.rel1.win32_1.0.0.202411081344/tools/bin/../lib/gcc/arm-none-eabi/13.3.1/../../../../arm-none-eabi/lib/thumb/v7e-m+fp/hard\libc_nano.a(libc_a-strncmp.o)
 .ARM.attributes
                0x000005f3       0x34 C:/STM32/STM32CubeIDE_1.19.0/STM32CubeIDE/plugins/com.st.stm32cube.ide.mcu.externaltools.gnu-tools-for-stm32.13.3.rel1.win32_1.0.0.202411081344/tools/bin/../lib/gcc/arm-none-eabi/13.3.1/../../../../arm-none-eabi/lib/thumb/v7e-m+fp/hard\libc_nano.a(libc_a-strtok_r.o)
 .ARM.attributes
                0x00000627       0x34 C:/STM32/STM32CubeIDE_1.19.0/STM32CubeIDE/plugins/com.st.stm32cube.ide.mcu.externaltools.gnu-tools-for-stm32.13.3.rel1.win32_1.0.0.202411081344/tools/bin/../lib/gcc/arm-none-eabi/13.3.1/../../../../arm-none-eabi/lib/thumb/v7e-m+fp/hard\libc_nano.a(libc_a-strstr.o)
 .ARM.attributes
                0x0000065b       0x34 C:/STM32/STM32CubeIDE_1.19.0/STM32CubeIDE/plugins/com.st.stm32cube.ide.mcu.externaltools.gnu-tools-for-stm32.13.3.rel1.win32_1.0.0.202411081344/tools/bin/../lib/gcc/arm-none-eabi/13.3.1/../../../../arm-none-eabi/lib/thumb/v7e-m+fp/hard\libc_nano.a(libc_a-reent.o)
 .ARM.attributes
                0x0000068f       0x34 C:/STM32/STM32CubeIDE_1.19.0/STM32CubeIDE/plugins/com.st.stm32cube.ide.mcu.externaltools.gnu-tools-for-stm32.13.3.rel1.win32_1.0.0.202411081344/tools/bin/../lib/gcc/arm-none-eabi/13.3.1/../../../../arm-none-eabi/lib/thumb/v7e-m+fp/hard\libc_nano.a(libc_a-impure.o)
 .ARM.attributes
                0x000006c3       0x34 C:/STM32/STM32CubeIDE_1.19.0/STM32CubeIDE/plugins/com.st.stm32cube.ide.mcu.externaltools.gnu-tools-for-stm32.13.3.rel1.win32_1.0.0.202411081344/tools/bin/../lib/gcc/arm-none-eabi/13.3.1/../../../../arm-none-eabi/lib/thumb/v7e-m+fp/hard\libc_nano.a(libc_a-errno.o)
 .ARM.attributes
                0x000006f7       0x34 C:/STM32/STM32CubeIDE_1.19.0/STM32CubeIDE/plugins/com.st.stm32cube.ide.mcu.externaltools.gnu-tools-for-stm32.13.3.rel1.win32_1.0.0.202411081344/tools/bin/../lib/gcc/arm-none-eabi/13.3.1/../../../../arm-none-eabi/lib/thumb/v7e-m+fp/hard\libc_nano.a(libc_a-init.o)
 .ARM.attributes
                0x0000072b       0x34 C:/STM32/STM32CubeIDE_1.19.0/STM32CubeIDE/plugins/com.st.stm32cube.ide.mcu.externaltools.gnu-tools-for-stm32.13.3.rel1.win32_1.0.0.202411081344/tools/bin/../lib/gcc/arm-none-eabi/13.3.1/../../../../arm-none-eabi/lib/thumb/v7e-m+fp/hard\libc_nano.a(libc_a-lock.o)
 .ARM.attributes
                0x0000075f       0x34 C:/STM32/STM32CubeIDE_1.19.0/STM32CubeIDE/plugins/com.st.stm32cube.ide.mcu.externaltools.gnu-tools-for-stm32.13.3.rel1.win32_1.0.0.202411081344/tools/bin/../lib/gcc/arm-none-eabi/13.3.1/../../../../arm-none-eabi/lib/thumb/v7e-m+fp/hard\libc_nano.a(libc_a-strcpy.o)
 .ARM.attributes
                0x00000793       0x34 C:/STM32/STM32CubeIDE_1.19.0/STM32CubeIDE/plugins/com.st.stm32cube.ide.mcu.externaltools.gnu-tools-for-stm32.13.3.rel1.win32_1.0.0.202411081344/tools/bin/../lib/gcc/arm-none-eabi/13.3.1/../../../../arm-none-eabi/lib/thumb/v7e-m+fp/hard\libc_nano.a(libc_a-memcpy-stub.o)
 .ARM.attributes
                0x000007c7       0x17 C:/STM32/STM32CubeIDE_1.19.0/STM32CubeIDE/plugins/com.st.stm32cube.ide.mcu.externaltools.gnu-tools-for-stm32.13.3.rel1.win32_1.0.0.202411081344/tools/bin/../lib/gcc/arm-none-eabi/13.3.1/../../../../arm-none-eabi/lib/thumb/v7e-m+fp/hard\libc_nano.a(libc_a-strlen.o)
 .ARM.attributes
                0x000007de       0x34 C:/STM32/STM32CubeIDE_1.19.0/STM32CubeIDE/plugins/com.st.stm32cube.ide.mcu.externaltools.gnu-tools-for-stm32.13.3.rel1.win32_1.0.0.202411081344/tools/bin/../lib/gcc/arm-none-eabi/13.3.1/../../../../arm-none-eabi/lib/thumb/v7e-m+fp/hard\libc_nano.a(libc_a-freer.o)
 .ARM.attributes
                0x00000812       0x34 C:/STM32/STM32CubeIDE_1.19.0/STM32CubeIDE/plugins/com.st.stm32cube.ide.mcu.externaltools.gnu-tools-for-stm32.13.3.rel1.win32_1.0.0.202411081344/tools/bin/../lib/gcc/arm-none-eabi/13.3.1/../../../../arm-none-eabi/lib/thumb/v7e-m+fp/hard\libc_nano.a(libc_a-mallocr.o)
 .ARM.attributes
                0x00000846       0x34 C:/STM32/STM32CubeIDE_1.19.0/STM32CubeIDE/plugins/com.st.stm32cube.ide.mcu.externaltools.gnu-tools-for-stm32.13.3.rel1.win32_1.0.0.202411081344/tools/bin/../lib/gcc/arm-none-eabi/13.3.1/../../../../arm-none-eabi/lib/thumb/v7e-m+fp/hard\libc_nano.a(libc_a-mlock.o)
 .ARM.attributes
                0x0000087a       0x34 C:/STM32/STM32CubeIDE_1.19.0/STM32CubeIDE/plugins/com.st.stm32cube.ide.mcu.externaltools.gnu-tools-for-stm32.13.3.rel1.win32_1.0.0.202411081344/tools/bin/../lib/gcc/arm-none-eabi/13.3.1/../../../../arm-none-eabi/lib/thumb/v7e-m+fp/hard\libc_nano.a(libc_a-nano-svfprintf.o)
 .ARM.attributes
                0x000008ae       0x34 C:/STM32/STM32CubeIDE_1.19.0/STM32CubeIDE/plugins/com.st.stm32cube.ide.mcu.externaltools.gnu-tools-for-stm32.13.3.rel1.win32_1.0.0.202411081344/tools/bin/../lib/gcc/arm-none-eabi/13.3.1/../../../../arm-none-eabi/lib/thumb/v7e-m+fp/hard\libc_nano.a(libc_a-nano-vfprintf_i.o)
 .ARM.attributes
                0x000008e2       0x34 C:/STM32/STM32CubeIDE_1.19.0/STM32CubeIDE/plugins/com.st.stm32cube.ide.mcu.externaltools.gnu-tools-for-stm32.13.3.rel1.win32_1.0.0.202411081344/tools/bin/../lib/gcc/arm-none-eabi/13.3.1/../../../../arm-none-eabi/lib/thumb/v7e-m+fp/hard\libc_nano.a(libc_a-memmove.o)
 .ARM.attributes
                0x00000916       0x34 C:/STM32/STM32CubeIDE_1.19.0/STM32CubeIDE/plugins/com.st.stm32cube.ide.mcu.externaltools.gnu-tools-for-stm32.13.3.rel1.win32_1.0.0.202411081344/tools/bin/../lib/gcc/arm-none-eabi/13.3.1/../../../../arm-none-eabi/lib/thumb/v7e-m+fp/hard\libc_nano.a(libc_a-sbrkr.o)
 .ARM.attributes
                0x0000094a       0x1c C:/STM32/STM32CubeIDE_1.19.0/STM32CubeIDE/plugins/com.st.stm32cube.ide.mcu.externaltools.gnu-tools-for-stm32.13.3.rel1.win32_1.0.0.202411081344/tools/bin/../lib/gcc/arm-none-eabi/13.3.1/../../../../arm-none-eabi/lib/thumb/v7e-m+fp/hard\libc_nano.a(libc_a-memchr.o)
 .ARM.attributes
                0x00000966       0x34 C:/STM32/STM32CubeIDE_1.19.0/STM32CubeIDE/plugins/com.st.stm32cube.ide.mcu.externaltools.gnu-tools-for-stm32.13.3.rel1.win32_1.0.0.202411081344/tools/bin/../lib/gcc/arm-none-eabi/13.3.1/../../../../arm-none-eabi/lib/thumb/v7e-m+fp/hard\libc_nano.a(libc_a-reallocr.o)
 .ARM.attributes
                0x0000099a       0x34 C:/STM32/STM32CubeIDE_1.19.0/STM32CubeIDE/plugins/com.st.stm32cube.ide.mcu.externaltools.gnu-tools-for-stm32.13.3.rel1.win32_1.0.0.202411081344/tools/bin/../lib/gcc/arm-none-eabi/13.3.1/../../../../arm-none-eabi/lib/thumb/v7e-m+fp/hard\libc_nano.a(libc_a-msizer.o)
 .ARM.attributes
                0x000009ce       0x22 C:/STM32/STM32CubeIDE_1.19.0/STM32CubeIDE/plugins/com.st.stm32cube.ide.mcu.externaltools.gnu-tools-for-stm32.13.3.rel1.win32_1.0.0.202411081344/tools/bin/../lib/gcc/arm-none-eabi/13.3.1/thumb/v7e-m+fp/hard\libgcc.a(_aeabi_uldivmod.o)
 .ARM.attributes
                0x000009f0       0x34 C:/STM32/STM32CubeIDE_1.19.0/STM32CubeIDE/plugins/com.st.stm32cube.ide.mcu.externaltools.gnu-tools-for-stm32.13.3.rel1.win32_1.0.0.202411081344/tools/bin/../lib/gcc/arm-none-eabi/13.3.1/thumb/v7e-m+fp/hard\libgcc.a(_udivmoddi4.o)
 .ARM.attributes
                0x00000a24       0x22 C:/STM32/STM32CubeIDE_1.19.0/STM32CubeIDE/plugins/com.st.stm32cube.ide.mcu.externaltools.gnu-tools-for-stm32.13.3.rel1.win32_1.0.0.202411081344/tools/bin/../lib/gcc/arm-none-eabi/13.3.1/thumb/v7e-m+fp/hard\libgcc.a(_dvmd_tls.o)
 .ARM.attributes
                0x00000a46       0x22 C:/STM32/STM32CubeIDE_1.19.0/STM32CubeIDE/plugins/com.st.stm32cube.ide.mcu.externaltools.gnu-tools-for-stm32.13.3.rel1.win32_1.0.0.202411081344/tools/bin/../lib/gcc/arm-none-eabi/13.3.1/thumb/v7e-m+fp/hard/crtn.o
OUTPUT(Safe_Within.elf elf32-littlearm)
LOAD linker stubs
LOAD C:/STM32/STM32CubeIDE_1.19.0/STM32CubeIDE/plugins/com.st.stm32cube.ide.mcu.externaltools.gnu-tools-for-stm32.13.3.rel1.win32_1.0.0.202411081344/tools/bin/../lib/gcc/arm-none-eabi/13.3.1/../../../../arm-none-eabi/lib/thumb/v7e-m+fp/hard\libc.a
LOAD C:/STM32/STM32CubeIDE_1.19.0/STM32CubeIDE/plugins/com.st.stm32cube.ide.mcu.externaltools.gnu-tools-for-stm32.13.3.rel1.win32_1.0.0.202411081344/tools/bin/../lib/gcc/arm-none-eabi/13.3.1/../../../../arm-none-eabi/lib/thumb/v7e-m+fp/hard\libm.a
LOAD C:/STM32/STM32CubeIDE_1.19.0/STM32CubeIDE/plugins/com.st.stm32cube.ide.mcu.externaltools.gnu-tools-for-stm32.13.3.rel1.win32_1.0.0.202411081344/tools/bin/../lib/gcc/arm-none-eabi/13.3.1/thumb/v7e-m+fp/hard\libgcc.a

.debug_info     0x00000000    0x12860
 .debug_info    0x00000000      0x1b6 ./Core/Src/buzzer.o
 .debug_info    0x000001b6      0xb3a ./Core/Src/gsm.o
 .debug_info    0x00000cf0     0x1a2a ./Core/Src/main.o
 .debug_info    0x0000271a      0x847 ./Core/Src/modbus.o
 .debug_info    0x00002f61      0x1e9 ./Core/Src/pir.o
 .debug_info    0x0000314a      0x796 ./Core/Src/sensor.o
 .debug_info    0x000038e0     0x133f ./Core/Src/stm32f4xx_hal_msp.o
 .debug_info    0x00004c1f      0x9e2 ./Core/Src/stm32f4xx_it.o
 .debug_info    0x00005601      0x168 ./Core/Src/sysmem.o
 .debug_info    0x00005769      0x54a ./Core/Src/system_stm32f4xx.o
 .debug_info    0x00005cb3       0x30 ./Core/Startup/startup_stm32f446zetx.o
 .debug_info    0x00005ce3      0x99a ./Drivers/STM32F4xx_HAL_Driver/Src/stm32f4xx_hal.o
 .debug_info    0x0000667d      0xdaa ./Drivers/STM32F4xx_HAL_Driver/Src/stm32f4xx_hal_cortex.o
 .debug_info    0x00007427      0x8e7 ./Drivers/STM32F4xx_HAL_Driver/Src/stm32f4xx_hal_dma.o
 .debug_info    0x00007d0e      0x70b ./Drivers/STM32F4xx_HAL_Driver/Src/stm32f4xx_hal_gpio.o
 .debug_info    0x00008419     0x2421 ./Drivers/STM32F4xx_HAL_Driver/Src/stm32f4xx_hal_i2c.o
 .debug_info    0x0000a83a      0x8ff ./Drivers/STM32F4xx_HAL_Driver/Src/stm32f4xx_hal_rcc.o
 .debug_info    0x0000b139      0x960 ./Drivers/STM32F4xx_HAL_Driver/Src/stm32f4xx_hal_rcc_ex.o
 .debug_info    0x0000ba99     0x299d ./Drivers/STM32F4xx_HAL_Driver/Src/stm32f4xx_hal_tim.o
 .debug_info    0x0000e436     0x14db ./Drivers/STM32F4xx_HAL_Driver/Src/stm32f4xx_hal_tim_ex.o
 .debug_info    0x0000f911     0x2f4f ./Drivers/STM32F4xx_HAL_Driver/Src/stm32f4xx_hal_uart.o

.debug_abbrev   0x00000000     0x2a77
 .debug_abbrev  0x00000000       0xf4 ./Core/Src/buzzer.o
 .debug_abbrev  0x000000f4      0x27a ./Core/Src/gsm.o
 .debug_abbrev  0x0000036e      0x330 ./Core/Src/main.o
 .debug_abbrev  0x0000069e      0x201 ./Core/Src/modbus.o
 .debug_abbrev  0x0000089f      0x10d ./Core/Src/pir.o
 .debug_abbrev  0x000009ac      0x203 ./Core/Src/sensor.o
 .debug_abbrev  0x00000baf      0x21d ./Core/Src/stm32f4xx_hal_msp.o
 .debug_abbrev  0x00000dcc      0x1ca ./Core/Src/stm32f4xx_it.o
 .debug_abbrev  0x00000f96       0xbc ./Core/Src/sysmem.o
 .debug_abbrev  0x00001052      0x11a ./Core/Src/system_stm32f4xx.o
 .debug_abbrev  0x0000116c       0x24 ./Core/Startup/startup_stm32f446zetx.o
 .debug_abbrev  0x00001190      0x214 ./Drivers/STM32F4xx_HAL_Driver/Src/stm32f4xx_hal.o
 .debug_abbrev  0x000013a4      0x31d ./Drivers/STM32F4xx_HAL_Driver/Src/stm32f4xx_hal_cortex.o
 .debug_abbrev  0x000016c1      0x264 ./Drivers/STM32F4xx_HAL_Driver/Src/stm32f4xx_hal_dma.o
 .debug_abbrev  0x00001925      0x1d4 ./Drivers/STM32F4xx_HAL_Driver/Src/stm32f4xx_hal_gpio.o
 .debug_abbrev  0x00001af9      0x2ad ./Drivers/STM32F4xx_HAL_Driver/Src/stm32f4xx_hal_i2c.o
 .debug_abbrev  0x00001da6      0x2b7 ./Drivers/STM32F4xx_HAL_Driver/Src/stm32f4xx_hal_rcc.o
 .debug_abbrev  0x0000205d      0x211 ./Drivers/STM32F4xx_HAL_Driver/Src/stm32f4xx_hal_rcc_ex.o
 .debug_abbrev  0x0000226e      0x278 ./Drivers/STM32F4xx_HAL_Driver/Src/stm32f4xx_hal_tim.o
 .debug_abbrev  0x000024e6      0x283 ./Drivers/STM32F4xx_HAL_Driver/Src/stm32f4xx_hal_tim_ex.o
 .debug_abbrev  0x00002769      0x30e ./Drivers/STM32F4xx_HAL_Driver/Src/stm32f4xx_hal_uart.o

.debug_aranges  0x00000000     0x1098
 .debug_aranges
                0x00000000       0x28 ./Core/Src/buzzer.o
 .debug_aranges
                0x00000028       0x58 ./Core/Src/gsm.o
 .debug_aranges
                0x00000080       0x70 ./Core/Src/main.o
 .debug_aranges
                0x000000f0       0x28 ./Core/Src/modbus.o
 .debug_aranges
                0x00000118       0x20 ./Core/Src/pir.o
 .debug_aranges
                0x00000138       0x28 ./Core/Src/sensor.o
 .debug_aranges
                0x00000160       0x50 ./Core/Src/stm32f4xx_hal_msp.o
 .debug_aranges
                0x000001b0       0x88 ./Core/Src/stm32f4xx_it.o
 .debug_aranges
                0x00000238       0x20 ./Core/Src/sysmem.o
 .debug_aranges
                0x00000258       0x28 ./Core/Src/system_stm32f4xx.o
 .debug_aranges
                0x00000280       0x28 ./Core/Startup/startup_stm32f446zetx.o
 .debug_aranges
                0x000002a8       0xf0 ./Drivers/STM32F4xx_HAL_Driver/Src/stm32f4xx_hal.o
 .debug_aranges
                0x00000398      0x130 ./Drivers/STM32F4xx_HAL_Driver/Src/stm32f4xx_hal_cortex.o
 .debug_aranges
                0x000004c8       0x90 ./Drivers/STM32F4xx_HAL_Driver/Src/stm32f4xx_hal_dma.o
 .debug_aranges
                0x00000558       0x58 ./Drivers/STM32F4xx_HAL_Driver/Src/stm32f4xx_hal_gpio.o
 .debug_aranges
                0x000005b0      0x2a8 ./Drivers/STM32F4xx_HAL_Driver/Src/stm32f4xx_hal_i2c.o
 .debug_aranges
                0x00000858       0x88 ./Drivers/STM32F4xx_HAL_Driver/Src/stm32f4xx_hal_rcc.o
 .debug_aranges
                0x000008e0       0x78 ./Drivers/STM32F4xx_HAL_Driver/Src/stm32f4xx_hal_rcc_ex.o
 .debug_aranges
                0x00000958      0x3d0 ./Drivers/STM32F4xx_HAL_Driver/Src/stm32f4xx_hal_tim.o
 .debug_aranges
                0x00000d28      0x168 ./Drivers/STM32F4xx_HAL_Driver/Src/stm32f4xx_hal_tim_ex.o
 .debug_aranges
                0x00000e90      0x208 ./Drivers/STM32F4xx_HAL_Driver/Src/stm32f4xx_hal_uart.o

.debug_rnglists
                0x00000000      0xd3c
 .debug_rnglists
                0x00000000       0x19 ./Core/Src/buzzer.o
 .debug_rnglists
                0x00000019       0x42 ./Core/Src/gsm.o
 .debug_rnglists
                0x0000005b       0x53 ./Core/Src/main.o
 .debug_rnglists
                0x000000ae       0x47 ./Core/Src/modbus.o
 .debug_rnglists
                0x000000f5       0x13 ./Core/Src/pir.o
 .debug_rnglists
                0x00000108       0x1a ./Core/Src/sensor.o
 .debug_rnglists
                0x00000122       0x3a ./Core/Src/stm32f4xx_hal_msp.o
 .debug_rnglists
                0x0000015c       0x61 ./Core/Src/stm32f4xx_it.o
 .debug_rnglists
                0x000001bd       0x13 ./Core/Src/sysmem.o
 .debug_rnglists
                0x000001d0       0x1a ./Core/Src/system_stm32f4xx.o
 .debug_rnglists
                0x000001ea       0x19 ./Core/Startup/startup_stm32f446zetx.o
 .debug_rnglists
                0x00000203       0xaf ./Drivers/STM32F4xx_HAL_Driver/Src/stm32f4xx_hal.o
 .debug_rnglists
                0x000002b2       0xe0 ./Drivers/STM32F4xx_HAL_Driver/Src/stm32f4xx_hal_cortex.o
 .debug_rnglists
                0x00000392       0x70 ./Drivers/STM32F4xx_HAL_Driver/Src/stm32f4xx_hal_dma.o
 .debug_rnglists
                0x00000402       0x3f ./Drivers/STM32F4xx_HAL_Driver/Src/stm32f4xx_hal_gpio.o
 .debug_rnglists
                0x00000441      0x23c ./Drivers/STM32F4xx_HAL_Driver/Src/stm32f4xx_hal_i2c.o
 .debug_rnglists
                0x0000067d       0x66 ./Drivers/STM32F4xx_HAL_Driver/Src/stm32f4xx_hal_rcc.o
 .debug_rnglists
                0x000006e3       0x5e ./Drivers/STM32F4xx_HAL_Driver/Src/stm32f4xx_hal_rcc_ex.o
 .debug_rnglists
                0x00000741      0x31a ./Drivers/STM32F4xx_HAL_Driver/Src/stm32f4xx_hal_tim.o
 .debug_rnglists
                0x00000a5b      0x125 ./Drivers/STM32F4xx_HAL_Driver/Src/stm32f4xx_hal_tim_ex.o
 .debug_rnglists
                0x00000b80      0x1bc ./Drivers/STM32F4xx_HAL_Driver/Src/stm32f4xx_hal_uart.o

.debug_macro    0x00000000    0x234b3
 .debug_macro   0x00000000      0x200 ./Core/Src/buzzer.o
 .debug_macro   0x00000200      0xad8 ./Core/Src/buzzer.o
 .debug_macro   0x00000cd8      0x2a1 ./Core/Src/buzzer.o
 .debug_macro   0x00000f79       0x2e ./Core/Src/buzzer.o
 .debug_macro   0x00000fa7       0x28 ./Core/Src/buzzer.o
 .debug_macro   0x00000fcf       0x22 ./Core/Src/buzzer.o
 .debug_macro   0x00000ff1       0x8e ./Core/Src/buzzer.o
 .debug_macro   0x0000107f       0x51 ./Core/Src/buzzer.o
 .debug_macro   0x000010d0      0x103 ./Core/Src/buzzer.o
 .debug_macro   0x000011d3       0x6a ./Core/Src/buzzer.o
 .debug_macro   0x0000123d      0x1df ./Core/Src/buzzer.o
 .debug_macro   0x0000141c       0x1c ./Core/Src/buzzer.o
 .debug_macro   0x00001438       0x22 ./Core/Src/buzzer.o
 .debug_macro   0x0000145a       0xfb ./Core/Src/buzzer.o
 .debug_macro   0x00001555     0x1011 ./Core/Src/buzzer.o
 .debug_macro   0x00002566      0x11f ./Core/Src/buzzer.o
 .debug_macro   0x00002685    0x1675e ./Core/Src/buzzer.o
 .debug_macro   0x00018de3       0x6d ./Core/Src/buzzer.o
 .debug_macro   0x00018e50     0x3693 ./Core/Src/buzzer.o
 .debug_macro   0x0001c4e3      0x190 ./Core/Src/buzzer.o
 .debug_macro   0x0001c673       0x5c ./Core/Src/buzzer.o
 .debug_macro   0x0001c6cf      0xca5 ./Core/Src/buzzer.o
 .debug_macro   0x0001d374      0x9e9 ./Core/Src/buzzer.o
 .debug_macro   0x0001dd5d      0x115 ./Core/Src/buzzer.o
 .debug_macro   0x0001de72      0x1a0 ./Core/Src/buzzer.o
 .debug_macro   0x0001e012       0xa5 ./Core/Src/buzzer.o
 .debug_macro   0x0001e0b7      0x16d ./Core/Src/buzzer.o
 .debug_macro   0x0001e224      0x287 ./Core/Src/buzzer.o
 .debug_macro   0x0001e4ab       0x5f ./Core/Src/buzzer.o
 .debug_macro   0x0001e50a      0x236 ./Core/Src/buzzer.o
 .debug_macro   0x0001e740      0x132 ./Core/Src/buzzer.o
 .debug_macro   0x0001e872      0x29c ./Core/Src/buzzer.o
 .debug_macro   0x0001eb0e       0x2e ./Core/Src/buzzer.o
 .debug_macro   0x0001eb3c      0x1b5 ./Core/Src/buzzer.o
 .debug_macro   0x0001ecf1       0x22 ./Core/Src/buzzer.o
 .debug_macro   0x0001ed13       0xd6 ./Core/Src/buzzer.o
 .debug_macro   0x0001ede9      0x127 ./Core/Src/buzzer.o
 .debug_macro   0x0001ef10       0xe8 ./Core/Src/buzzer.o
 .debug_macro   0x0001eff8       0x89 ./Core/Src/buzzer.o
 .debug_macro   0x0001f081      0x8ed ./Core/Src/buzzer.o
 .debug_macro   0x0001f96e       0x53 ./Core/Src/buzzer.o
 .debug_macro   0x0001f9c1      0x2aa ./Core/Src/buzzer.o
 .debug_macro   0x0001fc6b      0x126 ./Core/Src/buzzer.o
 .debug_macro   0x0001fd91      0x133 ./Core/Src/buzzer.o
 .debug_macro   0x0001fec4      0x325 ./Core/Src/gsm.o
 .debug_macro   0x000201e9       0x61 ./Core/Src/gsm.o
 .debug_macro   0x0002024a       0x2a ./Core/Src/gsm.o
 .debug_macro   0x00020274       0x43 ./Core/Src/gsm.o
 .debug_macro   0x000202b7       0x34 ./Core/Src/gsm.o
 .debug_macro   0x000202eb       0x16 ./Core/Src/gsm.o
 .debug_macro   0x00020301       0x3c ./Core/Src/gsm.o
 .debug_macro   0x0002033d      0x370 ./Core/Src/gsm.o
 .debug_macro   0x000206ad       0x10 ./Core/Src/gsm.o
 .debug_macro   0x000206bd       0x16 ./Core/Src/gsm.o
 .debug_macro   0x000206d3       0x4a ./Core/Src/gsm.o
 .debug_macro   0x0002071d       0x34 ./Core/Src/gsm.o
 .debug_macro   0x00020751       0x10 ./Core/Src/gsm.o
 .debug_macro   0x00020761       0x58 ./Core/Src/gsm.o
 .debug_macro   0x000207b9       0x8e ./Core/Src/gsm.o
 .debug_macro   0x00020847       0x1c ./Core/Src/gsm.o
 .debug_macro   0x00020863      0x185 ./Core/Src/gsm.o
 .debug_macro   0x000209e8       0x16 ./Core/Src/gsm.o
 .debug_macro   0x000209fe       0x16 ./Core/Src/gsm.o
 .debug_macro   0x00020a14      0x146 ./Core/Src/gsm.o
 .debug_macro   0x00020b5a       0x16 ./Core/Src/gsm.o
 .debug_macro   0x00020b70       0x20 ./Core/Src/gsm.o
 .debug_macro   0x00020b90       0x5e ./Core/Src/gsm.o
 .debug_macro   0x00020bee      0x34e ./Core/Src/main.o
 .debug_macro   0x00020f3c       0x1c ./Core/Src/main.o
 .debug_macro   0x00020f58       0x10 ./Core/Src/main.o
 .debug_macro   0x00020f68       0x2e ./Core/Src/main.o
 .debug_macro   0x00020f96      0x1f6 ./Core/Src/modbus.o
 .debug_macro   0x0002118c       0x16 ./Core/Src/modbus.o
 .debug_macro   0x000211a2      0x200 ./Core/Src/pir.o
 .debug_macro   0x000213a2      0x33b ./Core/Src/sensor.o
 .debug_macro   0x000216dd       0x28 ./Core/Src/sensor.o
 .debug_macro   0x00021705       0x10 ./Core/Src/sensor.o
 .debug_macro   0x00021715       0x1c ./Core/Src/sensor.o
 .debug_macro   0x00021731       0x1c ./Core/Src/sensor.o
 .debug_macro   0x0002174d       0x16 ./Core/Src/sensor.o
 .debug_macro   0x00021763       0x16 ./Core/Src/sensor.o
 .debug_macro   0x00021779       0x29 ./Core/Src/sensor.o
 .debug_macro   0x000217a2      0x1f6 ./Core/Src/stm32f4xx_hal_msp.o
 .debug_macro   0x00021998      0x200 ./Core/Src/stm32f4xx_it.o
 .debug_macro   0x00021b98      0x112 ./Core/Src/sysmem.o
 .debug_macro   0x00021caa      0x23c ./Core/Src/sysmem.o
 .debug_macro   0x00021ee6      0x1e7 ./Core/Src/system_stm32f4xx.o
 .debug_macro   0x000220cd      0x247 ./Drivers/STM32F4xx_HAL_Driver/Src/stm32f4xx_hal.o
 .debug_macro   0x00022314      0x1e7 ./Drivers/STM32F4xx_HAL_Driver/Src/stm32f4xx_hal_cortex.o
 .debug_macro   0x000224fb      0x1ed ./Drivers/STM32F4xx_HAL_Driver/Src/stm32f4xx_hal_dma.o
 .debug_macro   0x000226e8      0x1ed ./Drivers/STM32F4xx_HAL_Driver/Src/stm32f4xx_hal_gpio.o
 .debug_macro   0x000228d5      0x235 ./Drivers/STM32F4xx_HAL_Driver/Src/stm32f4xx_hal_i2c.o
 .debug_macro   0x00022b0a      0x20b ./Drivers/STM32F4xx_HAL_Driver/Src/stm32f4xx_hal_rcc.o
 .debug_macro   0x00022d15      0x1e7 ./Drivers/STM32F4xx_HAL_Driver/Src/stm32f4xx_hal_rcc_ex.o
 .debug_macro   0x00022efc      0x1e8 ./Drivers/STM32F4xx_HAL_Driver/Src/stm32f4xx_hal_tim.o
 .debug_macro   0x000230e4      0x1e7 ./Drivers/STM32F4xx_HAL_Driver/Src/stm32f4xx_hal_tim_ex.o
 .debug_macro   0x000232cb      0x1e8 ./Drivers/STM32F4xx_HAL_Driver/Src/stm32f4xx_hal_uart.o

.debug_line     0x00000000    0x163c7
 .debug_line    0x00000000      0x79a ./Core/Src/buzzer.o
 .debug_line    0x0000079a      0xb96 ./Core/Src/gsm.o
 .debug_line    0x00001330      0xca3 ./Core/Src/main.o
 .debug_line    0x00001fd3      0x92e ./Core/Src/modbus.o
 .debug_line    0x00002901      0x79c ./Core/Src/pir.o
 .debug_line    0x0000309d      0x9df ./Core/Src/sensor.o
 .debug_line    0x00003a7c      0x8d4 ./Core/Src/stm32f4xx_hal_msp.o
 .debug_line    0x00004350      0x8aa ./Core/Src/stm32f4xx_it.o
 .debug_line    0x00004bfa      0x597 ./Core/Src/sysmem.o
 .debug_line    0x00005191      0x7f9 ./Core/Src/system_stm32f4xx.o
 .debug_line    0x0000598a       0x7a ./Core/Startup/startup_stm32f446zetx.o
 .debug_line    0x00005a04      0xa75 ./Drivers/STM32F4xx_HAL_Driver/Src/stm32f4xx_hal.o
 .debug_line    0x00006479      0xd45 ./Drivers/STM32F4xx_HAL_Driver/Src/stm32f4xx_hal_cortex.o
 .debug_line    0x000071be      0xfe1 ./Drivers/STM32F4xx_HAL_Driver/Src/stm32f4xx_hal_dma.o
 .debug_line    0x0000819f      0xbb9 ./Drivers/STM32F4xx_HAL_Driver/Src/stm32f4xx_hal_gpio.o
 .debug_line    0x00008d58     0x3b22 ./Drivers/STM32F4xx_HAL_Driver/Src/stm32f4xx_hal_i2c.o
 .debug_line    0x0000c87a      0xe90 ./Drivers/STM32F4xx_HAL_Driver/Src/stm32f4xx_hal_rcc.o
 .debug_line    0x0000d70a     0x1541 ./Drivers/STM32F4xx_HAL_Driver/Src/stm32f4xx_hal_rcc_ex.o
 .debug_line    0x0000ec4b     0x37ea ./Drivers/STM32F4xx_HAL_Driver/Src/stm32f4xx_hal_tim.o
 .debug_line    0x00012435     0x19d5 ./Drivers/STM32F4xx_HAL_Driver/Src/stm32f4xx_hal_tim_ex.o
 .debug_line    0x00013e0a     0x25bd ./Drivers/STM32F4xx_HAL_Driver/Src/stm32f4xx_hal_uart.o

.debug_str      0x00000000    0xd4466
 .debug_str     0x00000000    0xd4466 ./Core/Src/buzzer.o
                              0xcb5f1 (size before relaxing)
 .debug_str     0x000d4466    0xcf5fa ./Core/Src/gsm.o
 .debug_str     0x000d4466    0xd0695 ./Core/Src/main.o
 .debug_str     0x000d4466    0xcb685 ./Core/Src/modbus.o
 .debug_str     0x000d4466    0xcb608 ./Core/Src/pir.o
 .debug_str     0x000d4466    0xcf488 ./Core/Src/sensor.o
 .debug_str     0x000d4466    0xcc6c6 ./Core/Src/stm32f4xx_hal_msp.o
 .debug_str     0x000d4466    0xcbdf2 ./Core/Src/stm32f4xx_it.o
 .debug_str     0x000d4466     0x7791 ./Core/Src/sysmem.o
 .debug_str     0x000d4466    0xcb2ab ./Core/Src/system_stm32f4xx.o
 .debug_str     0x000d4466       0x93 ./Core/Startup/startup_stm32f446zetx.o
 .debug_str     0x000d4466    0xcbe70 ./Drivers/STM32F4xx_HAL_Driver/Src/stm32f4xx_hal.o
 .debug_str     0x000d4466    0xcbbc7 ./Drivers/STM32F4xx_HAL_Driver/Src/stm32f4xx_hal_cortex.o
 .debug_str     0x000d4466    0xcb6a0 ./Drivers/STM32F4xx_HAL_Driver/Src/stm32f4xx_hal_dma.o
 .debug_str     0x000d4466    0xcb426 ./Drivers/STM32F4xx_HAL_Driver/Src/stm32f4xx_hal_gpio.o
 .debug_str     0x000d4466    0xcc2a9 ./Drivers/STM32F4xx_HAL_Driver/Src/stm32f4xx_hal_i2c.o
 .debug_str     0x000d4466    0xcb6e4 ./Drivers/STM32F4xx_HAL_Driver/Src/stm32f4xx_hal_rcc.o
 .debug_str     0x000d4466    0xcb717 ./Drivers/STM32F4xx_HAL_Driver/Src/stm32f4xx_hal_rcc_ex.o
 .debug_str     0x000d4466    0xcc610 ./Drivers/STM32F4xx_HAL_Driver/Src/stm32f4xx_hal_tim.o
 .debug_str     0x000d4466    0xcbe1c ./Drivers/STM32F4xx_HAL_Driver/Src/stm32f4xx_hal_tim_ex.o
 .debug_str     0x000d4466    0xcbc9b ./Drivers/STM32F4xx_HAL_Driver/Src/stm32f4xx_hal_uart.o

.comment        0x00000000       0x43
 .comment       0x00000000       0x43 ./Core/Src/buzzer.o
                                 0x44 (size before relaxing)
 .comment       0x00000043       0x44 ./Core/Src/gsm.o
 .comment       0x00000043       0x44 ./Core/Src/main.o
 .comment       0x00000043       0x44 ./Core/Src/modbus.o
 .comment       0x00000043       0x44 ./Core/Src/pir.o
 .comment       0x00000043       0x44 ./Core/Src/sensor.o
 .comment       0x00000043       0x44 ./Core/Src/stm32f4xx_hal_msp.o
 .comment       0x00000043       0x44 ./Core/Src/stm32f4xx_it.o
 .comment       0x00000043       0x44 ./Core/Src/sysmem.o
 .comment       0x00000043       0x44 ./Core/Src/system_stm32f4xx.o
 .comment       0x00000043       0x44 ./Drivers/STM32F4xx_HAL_Driver/Src/stm32f4xx_hal.o
 .comment       0x00000043       0x44 ./Drivers/STM32F4xx_HAL_Driver/Src/stm32f4xx_hal_cortex.o
 .comment       0x00000043       0x44 ./Drivers/STM32F4xx_HAL_Driver/Src/stm32f4xx_hal_dma.o
 .comment       0x00000043       0x44 ./Drivers/STM32F4xx_HAL_Driver/Src/stm32f4xx_hal_gpio.o
 .comment       0x00000043       0x44 ./Drivers/STM32F4xx_HAL_Driver/Src/stm32f4xx_hal_i2c.o
 .comment       0x00000043       0x44 ./Drivers/STM32F4xx_HAL_Driver/Src/stm32f4xx_hal_rcc.o
 .comment       0x00000043       0x44 ./Drivers/STM32F4xx_HAL_Driver/Src/stm32f4xx_hal_rcc_ex.o
 .comment       0x00000043       0x44 ./Drivers/STM32F4xx_HAL_Driver/Src/stm32f4xx_hal_tim.o
 .comment       0x00000043       0x44 ./Drivers/STM32F4xx_HAL_Driver/Src/stm32f4xx_hal_tim_ex.o
 .comment       0x00000043       0x44 ./Drivers/STM32F4xx_HAL_Driver/Src/stm32f4xx_hal_uart.o

.debug_frame    0x00000000     0x4c08
 .debug_frame   0x00000000       0x48 ./Core/Src/buzzer.o
 .debug_frame   0x00000048      0x12c ./Core/Src/gsm.o
 .debug_frame   0x00000174      0x174 ./Core/Src/main.o
 .debug_frame   0x000002e8       0x60 ./Core/Src/modbus.o
 .debug_frame   0x00000348       0x34 ./Core/Src/pir.o
 .debug_frame   0x0000037c       0x60 ./Core/Src/sensor.o
 .debug_frame   0x000003dc      0x110 ./Core/Src/stm32f4xx_hal_msp.o
 .debug_frame   0x000004ec      0x190 ./Core/Src/stm32f4xx_it.o
 .debug_frame   0x0000067c       0x34 ./Core/Src/sysmem.o
 .debug_frame   0x000006b0       0x58 ./Core/Src/system_stm32f4xx.o
 .debug_frame   0x00000708      0x374 ./Drivers/STM32F4xx_HAL_Driver/Src/stm32f4xx_hal.o
 .debug_frame   0x00000a7c      0x508 ./Drivers/STM32F4xx_HAL_Driver/Src/stm32f4xx_hal_cortex.o
 .debug_frame   0x00000f84      0x250 ./Drivers/STM32F4xx_HAL_Driver/Src/stm32f4xx_hal_dma.o
 .debug_frame   0x000011d4      0x14c ./Drivers/STM32F4xx_HAL_Driver/Src/stm32f4xx_hal_gpio.o
 .debug_frame   0x00001320      0xc84 ./Drivers/STM32F4xx_HAL_Driver/Src/stm32f4xx_hal_i2c.o
 .debug_frame   0x00001fa4      0x1f4 ./Drivers/STM32F4xx_HAL_Driver/Src/stm32f4xx_hal_rcc.o
 .debug_frame   0x00002198      0x1e8 ./Drivers/STM32F4xx_HAL_Driver/Src/stm32f4xx_hal_rcc_ex.o
 .debug_frame   0x00002380     0x11c0 ./Drivers/STM32F4xx_HAL_Driver/Src/stm32f4xx_hal_tim.o
 .debug_frame   0x00003540      0x638 ./Drivers/STM32F4xx_HAL_Driver/Src/stm32f4xx_hal_tim_ex.o
 .debug_frame   0x00003b78      0x954 ./Drivers/STM32F4xx_HAL_Driver/Src/stm32f4xx_hal_uart.o
 .debug_frame   0x000044cc       0x30 C:/STM32/STM32CubeIDE_1.19.0/STM32CubeIDE/plugins/com.st.stm32cube.ide.mcu.externaltools.gnu-tools-for-stm32.13.3.rel1.win32_1.0.0.202411081344/tools/bin/../lib/gcc/arm-none-eabi/13.3.1/../../../../arm-none-eabi/lib/thumb/v7e-m+fp/hard\libc_nano.a(libc_a-atoi.o)
 .debug_frame   0x000044fc       0x64 C:/STM32/STM32CubeIDE_1.19.0/STM32CubeIDE/plugins/com.st.stm32cube.ide.mcu.externaltools.gnu-tools-for-stm32.13.3.rel1.win32_1.0.0.202411081344/tools/bin/../lib/gcc/arm-none-eabi/13.3.1/../../../../arm-none-eabi/lib/thumb/v7e-m+fp/hard\libc_nano.a(libc_a-strtol.o)
 .debug_frame   0x00004560      0x144 C:/STM32/STM32CubeIDE_1.19.0/STM32CubeIDE/plugins/com.st.stm32cube.ide.mcu.externaltools.gnu-tools-for-stm32.13.3.rel1.win32_1.0.0.202411081344/tools/bin/../lib/gcc/arm-none-eabi/13.3.1/../../../../arm-none-eabi/lib/thumb/v7e-m+fp/hard\libc_nano.a(libc_a-findfp.o)
 .debug_frame   0x000046a4       0x7c C:/STM32/STM32CubeIDE_1.19.0/STM32CubeIDE/plugins/com.st.stm32cube.ide.mcu.externaltools.gnu-tools-for-stm32.13.3.rel1.win32_1.0.0.202411081344/tools/bin/../lib/gcc/arm-none-eabi/13.3.1/../../../../arm-none-eabi/lib/thumb/v7e-m+fp/hard\libc_nano.a(libc_a-snprintf.o)
 .debug_frame   0x00004720       0x20 C:/STM32/STM32CubeIDE_1.19.0/STM32CubeIDE/plugins/com.st.stm32cube.ide.mcu.externaltools.gnu-tools-for-stm32.13.3.rel1.win32_1.0.0.202411081344/tools/bin/../lib/gcc/arm-none-eabi/13.3.1/../../../../arm-none-eabi/lib/thumb/v7e-m+fp/hard\libc_nano.a(libc_a-memset.o)
 .debug_frame   0x00004740       0x28 C:/STM32/STM32CubeIDE_1.19.0/STM32CubeIDE/plugins/com.st.stm32cube.ide.mcu.externaltools.gnu-tools-for-stm32.13.3.rel1.win32_1.0.0.202411081344/tools/bin/../lib/gcc/arm-none-eabi/13.3.1/../../../../arm-none-eabi/lib/thumb/v7e-m+fp/hard\libc_nano.a(libc_a-strncmp.o)
 .debug_frame   0x00004768       0x40 C:/STM32/STM32CubeIDE_1.19.0/STM32CubeIDE/plugins/com.st.stm32cube.ide.mcu.externaltools.gnu-tools-for-stm32.13.3.rel1.win32_1.0.0.202411081344/tools/bin/../lib/gcc/arm-none-eabi/13.3.1/../../../../arm-none-eabi/lib/thumb/v7e-m+fp/hard\libc_nano.a(libc_a-strtok_r.o)
 .debug_frame   0x000047a8       0x2c C:/STM32/STM32CubeIDE_1.19.0/STM32CubeIDE/plugins/com.st.stm32cube.ide.mcu.externaltools.gnu-tools-for-stm32.13.3.rel1.win32_1.0.0.202411081344/tools/bin/../lib/gcc/arm-none-eabi/13.3.1/../../../../arm-none-eabi/lib/thumb/v7e-m+fp/hard\libc_nano.a(libc_a-strstr.o)
 .debug_frame   0x000047d4       0x38 C:/STM32/STM32CubeIDE_1.19.0/STM32CubeIDE/plugins/com.st.stm32cube.ide.mcu.externaltools.gnu-tools-for-stm32.13.3.rel1.win32_1.0.0.202411081344/tools/bin/../lib/gcc/arm-none-eabi/13.3.1/../../../../arm-none-eabi/lib/thumb/v7e-m+fp/hard\libc_nano.a(libc_a-reent.o)
 .debug_frame   0x0000480c       0x20 C:/STM32/STM32CubeIDE_1.19.0/STM32CubeIDE/plugins/com.st.stm32cube.ide.mcu.externaltools.gnu-tools-for-stm32.13.3.rel1.win32_1.0.0.202411081344/tools/bin/../lib/gcc/arm-none-eabi/13.3.1/../../../../arm-none-eabi/lib/thumb/v7e-m+fp/hard\libc_nano.a(libc_a-errno.o)
 .debug_frame   0x0000482c       0x2c C:/STM32/STM32CubeIDE_1.19.0/STM32CubeIDE/plugins/com.st.stm32cube.ide.mcu.externaltools.gnu-tools-for-stm32.13.3.rel1.win32_1.0.0.202411081344/tools/bin/../lib/gcc/arm-none-eabi/13.3.1/../../../../arm-none-eabi/lib/thumb/v7e-m+fp/hard\libc_nano.a(libc_a-init.o)